Archive member included to satisfy reference by file (symbol)

g:/pi/gcc_linaro_7_1/bin/../aarch64-elf/libc/usr/lib\libc.a(lib_a-locale.o)
                              C:\Users\ldebo\AppData\Local\Temp\ccckGFL1.o (__locale_ctype_ptr)
g:/pi/gcc_linaro_7_1/bin/../aarch64-elf/libc/usr/lib\libc.a(lib_a-mbstowcs.o)
                              C:\Users\ldebo\AppData\Local\Temp\ccckGFL1.o (mbstowcs)
g:/pi/gcc_linaro_7_1/bin/../aarch64-elf/libc/usr/lib\libc.a(lib_a-mbstowcs_r.o)
                              g:/pi/gcc_linaro_7_1/bin/../aarch64-elf/libc/usr/lib\libc.a(lib_a-mbstowcs.o) (_mbstowcs_r)
g:/pi/gcc_linaro_7_1/bin/../aarch64-elf/libc/usr/lib\libc.a(lib_a-mbtowc_r.o)
                              g:/pi/gcc_linaro_7_1/bin/../aarch64-elf/libc/usr/lib\libc.a(lib_a-locale.o) (__ascii_mbtowc)
g:/pi/gcc_linaro_7_1/bin/../aarch64-elf/libc/usr/lib\libc.a(lib_a-memcpy.o)
                              C:\Users\ldebo\AppData\Local\Temp\ccZuTXQs.o (memcpy)
g:/pi/gcc_linaro_7_1/bin/../aarch64-elf/libc/usr/lib\libc.a(lib_a-reent.o)
                              C:\Users\ldebo\AppData\Local\Temp\ccOqyWMh.o (errno)
g:/pi/gcc_linaro_7_1/bin/../aarch64-elf/libc/usr/lib\libc.a(lib_a-strcasecmp.o)
                              g:/pi/gcc_linaro_7_1/bin/../aarch64-elf/libc/usr/lib\libc.a(lib_a-locale.o) (strcasecmp)
g:/pi/gcc_linaro_7_1/bin/../aarch64-elf/libc/usr/lib\libc.a(lib_a-strcat.o)
                              g:/pi/gcc_linaro_7_1/bin/../aarch64-elf/libc/usr/lib\libc.a(lib_a-locale.o) (strcat)
g:/pi/gcc_linaro_7_1/bin/../aarch64-elf/libc/usr/lib\libc.a(lib_a-strchr.o)
                              C:\Users\ldebo\AppData\Local\Temp\ccckGFL1.o (strchr)
g:/pi/gcc_linaro_7_1/bin/../aarch64-elf/libc/usr/lib\libc.a(lib_a-strcmp.o)
                              g:/pi/gcc_linaro_7_1/bin/../aarch64-elf/libc/usr/lib\libc.a(lib_a-locale.o) (strcmp)
g:/pi/gcc_linaro_7_1/bin/../aarch64-elf/libc/usr/lib\libc.a(lib_a-strcpy.o)
                              C:\Users\ldebo\AppData\Local\Temp\ccckGFL1.o (strcpy)
g:/pi/gcc_linaro_7_1/bin/../aarch64-elf/libc/usr/lib\libc.a(lib_a-strlcpy.o)
                              g:/pi/gcc_linaro_7_1/bin/../aarch64-elf/libc/usr/lib\libc.a(lib_a-locale.o) (strlcpy)
g:/pi/gcc_linaro_7_1/bin/../aarch64-elf/libc/usr/lib\libc.a(lib_a-strlen.o)
                              C:\Users\ldebo\AppData\Local\Temp\ccOqyWMh.o (strlen)
g:/pi/gcc_linaro_7_1/bin/../aarch64-elf/libc/usr/lib\libc.a(lib_a-strncasecmp.o)
                              g:/pi/gcc_linaro_7_1/bin/../aarch64-elf/libc/usr/lib\libc.a(lib_a-locale.o) (strncasecmp)
g:/pi/gcc_linaro_7_1/bin/../aarch64-elf/libc/usr/lib\libc.a(lib_a-strncmp.o)
                              g:/pi/gcc_linaro_7_1/bin/../aarch64-elf/libc/usr/lib\libc.a(lib_a-locale.o) (strncmp)
g:/pi/gcc_linaro_7_1/bin/../aarch64-elf/libc/usr/lib\libc.a(lib_a-strncpy.o)
                              C:\Users\ldebo\AppData\Local\Temp\ccckGFL1.o (strncpy)
g:/pi/gcc_linaro_7_1/bin/../aarch64-elf/libc/usr/lib\libc.a(lib_a-strtod.o)
                              C:\Users\ldebo\AppData\Local\Temp\ccckGFL1.o (strtod)
g:/pi/gcc_linaro_7_1/bin/../aarch64-elf/libc/usr/lib\libc.a(lib_a-strtol.o)
                              C:\Users\ldebo\AppData\Local\Temp\ccckGFL1.o (strtol)
g:/pi/gcc_linaro_7_1/bin/../aarch64-elf/libc/usr/lib\libc.a(lib_a-strtold.o)
                              C:\Users\ldebo\AppData\Local\Temp\ccckGFL1.o (strtold)
g:/pi/gcc_linaro_7_1/bin/../aarch64-elf/libc/usr/lib\libc.a(lib_a-strtoll.o)
                              C:\Users\ldebo\AppData\Local\Temp\ccckGFL1.o (strtoll)
g:/pi/gcc_linaro_7_1/bin/../aarch64-elf/libc/usr/lib\libc.a(lib_a-strtorx.o)
                              g:/pi/gcc_linaro_7_1/bin/../aarch64-elf/libc/usr/lib\libc.a(lib_a-strtold.o) (_strtorx_l)
g:/pi/gcc_linaro_7_1/bin/../aarch64-elf/libc/usr/lib\libc.a(lib_a-strtoul.o)
                              C:\Users\ldebo\AppData\Local\Temp\ccckGFL1.o (strtoul)
g:/pi/gcc_linaro_7_1/bin/../aarch64-elf/libc/usr/lib\libc.a(lib_a-strtoull.o)
                              C:\Users\ldebo\AppData\Local\Temp\ccckGFL1.o (strtoull)
g:/pi/gcc_linaro_7_1/bin/../aarch64-elf/libc/usr/lib\libc.a(lib_a-wcscpy.o)
                              C:\Users\ldebo\AppData\Local\Temp\ccckGFL1.o (wcscpy)
g:/pi/gcc_linaro_7_1/bin/../aarch64-elf/libc/usr/lib\libc.a(lib_a-wctob.o)
                              C:\Users\ldebo\AppData\Local\Temp\ccGdDIKx.o (wctob)
g:/pi/gcc_linaro_7_1/bin/../aarch64-elf/libc/usr/lib\libc.a(lib_a-wctomb_r.o)
                              g:/pi/gcc_linaro_7_1/bin/../aarch64-elf/libc/usr/lib\libc.a(lib_a-locale.o) (__ascii_wctomb)
g:/pi/gcc_linaro_7_1/bin/../aarch64-elf/libc/usr/lib\libc.a(lib_a-ctype_.o)
                              g:/pi/gcc_linaro_7_1/bin/../aarch64-elf/libc/usr/lib\libc.a(lib_a-locale.o) (__set_ctype)
g:/pi/gcc_linaro_7_1/bin/../aarch64-elf/libc/usr/lib\libc.a(lib_a-freer.o)
[...]
Memory Configuration

Name             Origin             Length             Attributes
RAM              0x0000000000080000 0x0000000008000000 xrw
*default*        0x0000000000000000 0xffffffffffffffff

Linker script and memory map


.text           0x0000000000080000    0x15888
                0x0000000000080000                . = ALIGN (0x4)
                0x0000000000080000                __text_start__ = .
                0x0000000000080000                _start = .
 *(.text.startup)
 .text.startup  0x0000000000080000      0x308 C:\Users\ldebo\AppData\Local\Temp\ccNUuIEG.o
                0x000000000008029c                RPi_CpuIdString
                0x00000000000802b0                EnableInterrupts
                0x00000000000802b8                DisableInterrupts
                0x00000000000802c0                CoreExecute
 *(.text .text.* .gnu.linkonce.t.*)
 *fill*         0x0000000000080308        0x8 
 .text          0x0000000000080310      0x1a4 C:\Users\ldebo\AppData\Local\Temp\cczhDkWo.o
                0x0000000000080310                c_irq_handler
                0x0000000000080340                kernel_main
 *fill*         0x00000000000804b4        0x4 
 .text.setTimerIrqAddress
                0x00000000000804b8       0x20 C:\Users\ldebo\AppData\Local\Temp\ccNUuIEG.o
                0x00000000000804b8                setTimerIrqAddress
 .text.ARMaddrToGPUaddr
                0x00000000000804d8        0xc C:\Users\ldebo\AppData\Local\Temp\ccNUuIEG.o
                0x00000000000804d8                ARMaddrToGPUaddr
 *fill*         0x00000000000804e4      0x31c 
 .text.GPUaddrToARMaddr
                0x0000000000080800      0xf98 C:\Users\ldebo\AppData\Local\Temp\ccNUuIEG.o
                0x0000000000080800                GPUaddrToARMaddr
                0x000000000008080c                irq_handler
                0x0000000000081000                VectorTable
 *fill*         0x0000000000081798        0x8 
 .text          0x00000000000817a0     0x27a8 C:\Users\ldebo\AppData\Local\Temp\ccOqyWMh.o
                0x00000000000829d0                gpio_setup
                0x0000000000082a40                gpio_output
                0x0000000000082ab0                gpio_input
                0x0000000000082b00                gpio_checkEvent
                0x0000000000082b40                gpio_clearEvent
                0x0000000000082b80                gpio_edgeDetect
                0x0000000000082c30                gpio_fixResistor
                0x0000000000082d20                timer_getTickCount
                0x0000000000082d50                timer_wait
                0x0000000000082db0                tick_difference
                0x0000000000082dc0                mailbox_write
                0x0000000000082e00                mailbox_read
                0x0000000000082e50                mailbox_tag_message
                0x0000000000082fd0                TimerIrqSetup
                0x00000000000830d0                set_Activity_LED
                0x0000000000083260                ARM_setmaxspeed
                0x0000000000083310                displaySmartStart
                0x0000000000083390                Embedded_Console_WriteChar
                0x0000000000083450                WriteText
                0x0000000000083550                SetDCPenColor
                0x0000000000083570                SetDCBrushColor
                0x0000000000083590                MoveToEx
                0x00000000000835c0                LineTo
                0x0000000000083680                TextOut
                0x0000000000083710                TransparentTextOut
                0x0000000000083780                BmpOut
                0x00000000000837d0                CvtBmpLine
                0x0000000000083a70                Rectangle
                0x0000000000083aa0                PiConsole_Init
                0x0000000000083d60                GetConsoleDC
                0x0000000000083d70                GetConsole_FrameBuffer
                0x0000000000083d80                GetConsole_Width
                0x0000000000083d90                GetConsole_Height
                0x0000000000083da0                _sbrk
                0x0000000000083dd0                _kill
                0x0000000000083df0                _getpid
                0x0000000000083e00                _read
                0x0000000000083e10                _close
                0x0000000000083e20                _lseek
                0x0000000000083e30                _isatty
                0x0000000000083e40                _fstat
                0x0000000000083e50                _exit
                0x0000000000083e60                _write
 *fill*         0x0000000000083f48        0x8 
 .text          0x0000000000083f50     0x1acc C:\Users\ldebo\AppData\Local\Temp\ccckGFL1.o
                0x0000000000084200                strnlen
                0x0000000000084240                emb_vsprintf
                0x0000000000084b20                vsscanf
                0x0000000000085840                sscanf
                0x00000000000858d0                emb_sprintf
                0x0000000000085950                printf
 *fill*         0x0000000000085a1c        0x4 
 .text          0x0000000000085a20     0x413c C:\Users\ldebo\AppData\Local\Temp\ccGdDIKx.o
                0x0000000000086e90                sdTransferBlocks
                0x0000000000087230                sdClearBlocks
                0x00000000000873b0                getSetNextCluster
                0x0000000000087640                WildcardMatch
                0x00000000000883d0                sdFindFirstFile
                0x00000000000887f0                sdFindNextFile
                0x00000000000888e0                sdFindClose
                0x0000000000088930                sdCreateFile
                0x0000000000088d60                sdReadFile
                0x00000000000890b0                sdCloseHandle
                0x00000000000890f0                sdSetFilePointer
                0x0000000000089540                sdGetFileSize
                0x0000000000089580                sdInitCard
                0x0000000000089b40                sdCardCSD
 .text.unlikely
                0x0000000000089b5c      0x1b8 C:\Users\ldebo\AppData\Local\Temp\ccGdDIKx.o
 *fill*         0x0000000000089d14        0xc 
 .text          0x0000000000089d20     0x2124 C:\Users\ldebo\AppData\Local\Temp\ccZuTXQs.o
                0x000000000008a6f0                vec3_dot
                0x000000000008a710                vec3_cross
                0x000000000008a740                vec3_sub
                0x000000000008a760                vec3_add
                0x000000000008a780                vec3_scale
                0x000000000008a7a0                XRotationMatrix3D
                0x000000000008a810                YRotationMatrix3D
                0x000000000008a890                ZRotationMatrix3D
                0x000000000008a900                TranslationMatrix3D
                0x000000000008a970                ScaleMatrix3D
                0x000000000008a9e0                MirrorMatrix3D
                0x000000000008aa60                TransposeMatrix3D
                0x000000000008aaa0                MultiplyMatrix3D
                0x000000000008ac40                TransformPoint3D
                0x000000000008acf0                InitV3D
                0x000000000008ad70                V3D_mem_alloc
                0x000000000008adb0                V3D_mem_free
                0x000000000008add0                V3D_mem_lock
                0x000000000008ae10                V3D_mem_unlock
                0x000000000008ae30                V3D_execute_code
                0x000000000008ae80                V3D_execute_qpu
                0x000000000008aec0                DoRotate
                0x000000000008b220                RenderModel
                0x000000000008b340                SetupRenderer
                0x000000000008b7f0                DoneRenderer
                0x000000000008b850                CreateVertexData
 *fill*         0x000000000008be44        0x4 
 .text          0x000000000008be48      0xd0c g:/pi/gcc_linaro_7_1/bin/../aarch64-elf/libc/usr/lib\libc.a(lib_a-locale.o)
                0x000000000008bf00                __loadlocale
                0x000000000008c698                __get_locale_env
                0x000000000008c728                _setlocale_r
                0x000000000008cae8                __locale_mb_cur_max
                0x000000000008cb10                __locale_ctype_ptr_l
                0x000000000008cb18                __locale_ctype_ptr
                0x000000000008cb40                setlocale
 *fill*         0x000000000008cb54        0x4 
 .text          0x000000000008cb58       0x30 g:/pi/gcc_linaro_7_1/bin/../aarch64-elf/libc/usr/lib\libc.a(lib_a-mbstowcs.o)
                0x000000000008cb58                mbstowcs
 .text          0x000000000008cb88       0xfc g:/pi/gcc_linaro_7_1/bin/../aarch64-elf/libc/usr/lib\libc.a(lib_a-mbstowcs_r.o)
                0x000000000008cb88                _mbstowcs_r
 *fill*         0x000000000008cc84        0x4 
 .text          0x000000000008cc88      0x6e4 g:/pi/gcc_linaro_7_1/bin/../aarch64-elf/libc/usr/lib\libc.a(lib_a-mbtowc_r.o)
                0x000000000008cc88                _mbtowc_r
                0x000000000008ccb0                __ascii_mbtowc
                0x000000000008ccf0                __utf8_mbtowc
                0x000000000008cfb8                __sjis_mbtowc
                0x000000000008d088                __eucjp_mbtowc
                0x000000000008d1a8                __jis_mbtowc
 *fill*         0x000000000008d36c       0x14 
 .text          0x000000000008d380      0x16c g:/pi/gcc_linaro_7_1/bin/../aarch64-elf/libc/usr/lib\libc.a(lib_a-memcpy.o)
                0x000000000008d380                memcpy
 *fill*         0x000000000008d4ec        0x4 
 .text          0x000000000008d4f0       0xa0 g:/pi/gcc_linaro_7_1/bin/../aarch64-elf/libc/usr/lib\libc.a(lib_a-strcasecmp.o)
                0x000000000008d4f0                strcasecmp
 .text          0x000000000008d590       0x74 g:/pi/gcc_linaro_7_1/bin/../aarch64-elf/libc/usr/lib\libc.a(lib_a-strcat.o)
                0x000000000008d590                strcat
 .text          0x000000000008d604       0xdc g:/pi/gcc_linaro_7_1/bin/../aarch64-elf/libc/usr/lib\libc.a(lib_a-strchr.o)
                0x000000000008d604                strchr
 *fill*         0x000000000008d6e0       0x20 
 .text          0x000000000008d700       0xa4 g:/pi/gcc_linaro_7_1/bin/../aarch64-elf/libc/usr/lib\libc.a(lib_a-strcmp.o)
                0x000000000008d700                strcmp
 *fill*         0x000000000008d7a4       0x1c 
 .text          0x000000000008d7c0      0x1b8 g:/pi/gcc_linaro_7_1/bin/../aarch64-elf/libc/usr/lib\libc.a(lib_a-strcpy.o)
                0x000000000008d7c0                strcpy
 .text          0x000000000008d978       0x44 g:/pi/gcc_linaro_7_1/bin/../aarch64-elf/libc/usr/lib\libc.a(lib_a-strlcpy.o)
                0x000000000008d978                strlcpy
 *fill*         0x000000000008d9bc        0x4 
 .text          0x000000000008d9c0      0x140 g:/pi/gcc_linaro_7_1/bin/../aarch64-elf/libc/usr/lib\libc.a(lib_a-strlen.o)
                0x000000000008d9c0                strlen
 .text          0x000000000008db00       0xcc g:/pi/gcc_linaro_7_1/bin/../aarch64-elf/libc/usr/lib\libc.a(lib_a-strncasecmp.o)
                0x000000000008db00                strncasecmp
 *fill*         0x000000000008dbcc       0x34 
 .text          0x000000000008dc00      0x124 g:/pi/gcc_linaro_7_1/bin/../aarch64-elf/libc/usr/lib\libc.a(lib_a-strncmp.o)
                0x000000000008dc1c                strncmp
 *fill*         0x000000000008dd24        0x4 
 .text          0x000000000008dd28       0xb0 g:/pi/gcc_linaro_7_1/bin/../aarch64-elf/libc/usr/lib\libc.a(lib_a-strncpy.o)
                0x000000000008dd28                strncpy
 .text          0x000000000008ddd8     0x1288 g:/pi/gcc_linaro_7_1/bin/../aarch64-elf/libc/usr/lib\libc.a(lib_a-strtod.o)
                0x000000000008ddd8                _strtod_l
                0x000000000008eed0                _strtod_r
                0x000000000008eef0                strtod_l
                0x000000000008ef08                strtod
                0x000000000008ef38                strtof_l
                0x000000000008efc0                strtof
 .text.unlikely
                0x000000000008f060       0x54 g:/pi/gcc_linaro_7_1/bin/../aarch64-elf/libc/usr/lib\libc.a(lib_a-strtod.o)
 *fill*         0x000000000008f0b4        0x4 
 .text          0x000000000008f0b8      0x240 g:/pi/gcc_linaro_7_1/bin/../aarch64-elf/libc/usr/lib\libc.a(lib_a-strtol.o)
                0x000000000008f288                _strtol_r
                0x000000000008f2a8                strtol_l
                0x000000000008f2c8                strtol
 .text          0x000000000008f2f8       0xc0 g:/pi/gcc_linaro_7_1/bin/../aarch64-elf/libc/usr/lib\libc.a(lib_a-strtold.o)
                0x000000000008f2f8                _strtold_r
                0x000000000008f338                strtold_l
                0x000000000008f370                strtold
 .text          0x000000000008f3b8      0x240 g:/pi/gcc_linaro_7_1/bin/../aarch64-elf/libc/usr/lib\libc.a(lib_a-strtoll.o)
                0x000000000008f588                _strtoll_r
                0x000000000008f5a8                strtoll_l
                0x000000000008f5c8                strtoll
 .text          0x000000000008f5f8      0x12c g:/pi/gcc_linaro_7_1/bin/../aarch64-elf/libc/usr/lib\libc.a(lib_a-strtorx.o)
                0x000000000008f5f8                ULtox
                0x000000000008f6a8                _strtorx_l
 *fill*         0x000000000008f724        0x4 
 .text          0x000000000008f728      0x250 g:/pi/gcc_linaro_7_1/bin/../aarch64-elf/libc/usr/lib\libc.a(lib_a-strtoul.o)
                0x000000000008f908                _strtoul_r
                0x000000000008f928                strtoul_l
                0x000000000008f948                strtoul
 .text          0x000000000008f978      0x250 g:/pi/gcc_linaro_7_1/bin/../aarch64-elf/libc/usr/lib\libc.a(lib_a-strtoull.o)
                0x000000000008fb58                _strtoull_r
                0x000000000008fb78                strtoull_l
                0x000000000008fb98                strtoull
 .text          0x000000000008fbc8       0x24 g:/pi/gcc_linaro_7_1/bin/../aarch64-elf/libc/usr/lib\libc.a(lib_a-wcscpy.o)
                0x000000000008fbc8                wcscpy
 *fill*         0x000000000008fbec        0x4 
 .text          0x000000000008fbf0       0x84 g:/pi/gcc_linaro_7_1/bin/../aarch64-elf/libc/usr/lib\libc.a(lib_a-wctob.o)
                0x000000000008fbf0                wctob
 *fill*         0x000000000008fc74        0x4 
 .text          0x000000000008fc78      0x310 g:/pi/gcc_linaro_7_1/bin/../aarch64-elf/libc/usr/lib\libc.a(lib_a-wctomb_r.o)
                0x000000000008fc78                _wctomb_r
                0x000000000008fca0                __ascii_wctomb
                0x000000000008fcd0                __utf8_wctomb
                0x000000000008fdb0                __sjis_wctomb
                0x000000000008fe30                __eucjp_wctomb
                0x000000000008fed8                __jis_wctomb
 .text          0x000000000008ff88       0x10 g:/pi/gcc_linaro_7_1/bin/../aarch64-elf/libc/usr/lib\libc.a(lib_a-ctype_.o)
                0x000000000008ff88                __set_ctype
 .text          0x000000000008ff98      0x410 g:/pi/gcc_linaro_7_1/bin/../aarch64-elf/libc/usr/lib\libc.a(lib_a-freer.o)
                0x000000000008ff98                _malloc_trim_r
                0x00000000000900a8                _free_r
 .text          0x00000000000903a8      0x8b4 g:/pi/gcc_linaro_7_1/bin/../aarch64-elf/libc/usr/lib\libc.a(lib_a-gdtoa-gethex.o)
                0x00000000000904a0                __gethex
 *fill*         0x0000000000090c5c        0x4 
 .text          0x0000000000090c60      0x270 g:/pi/gcc_linaro_7_1/bin/../aarch64-elf/libc/usr/lib\libc.a(lib_a-gdtoa-hexnan.o)
                0x0000000000090c60                __match
                0x0000000000090ca8                __hexnan
 .text          0x0000000000090ed0      0x128 g:/pi/gcc_linaro_7_1/bin/../aarch64-elf/libc/usr/lib\libc.a(lib_a-getenv_r.o)
                0x0000000000090ed0                _findenv_r
                0x0000000000090fe0                _getenv_r
 .text          0x0000000000090ff8       0x54 g:/pi/gcc_linaro_7_1/bin/../aarch64-elf/libc/usr/lib\libc.a(lib_a-localeconv.o)
                0x0000000000090ff8                __localeconv_l
                0x0000000000091000                _localeconv_r
                0x0000000000091028                localeconv
 *fill*         0x000000000009104c        0x4 
 .text          0x0000000000091050      0x848 g:/pi/gcc_linaro_7_1/bin/../aarch64-elf/libc/usr/lib\libc.a(lib_a-mallocr.o)
                0x0000000000091050                _malloc_r
 *fill*         0x0000000000091898       0x28 
 .text          0x00000000000918c0      0x1d8 g:/pi/gcc_linaro_7_1/bin/../aarch64-elf/libc/usr/lib\libc.a(lib_a-memset.o)
                0x00000000000918c0                memset
 .text          0x0000000000091a98        0xc g:/pi/gcc_linaro_7_1/bin/../aarch64-elf/libc/usr/lib\libc.a(lib_a-mlock.o)
                0x0000000000091a98                __malloc_lock
                0x0000000000091aa0                __malloc_unlock
 *fill*         0x0000000000091aa4        0x4 
 .text          0x0000000000091aa8      0xe5c g:/pi/gcc_linaro_7_1/bin/../aarch64-elf/libc/usr/lib\libc.a(lib_a-mprec.o)
                0x0000000000091aa8                _Balloc
                0x0000000000091b50                _Bfree
                0x0000000000091b70                __multadd
                0x0000000000091c58                __s2b
                0x0000000000091d78                __hi0bits
                0x0000000000091dd8                __lo0bits
                0x0000000000091e78                __i2b
                0x0000000000091ea8                __multiply
                0x0000000000092068                __pow5mult
                0x0000000000092190                __lshift
                0x00000000000922c8                __mcmp
                0x0000000000092318                __mdiff
                0x00000000000924a8                __ulp
                0x0000000000092518                __b2d
                0x0000000000092638                __d2b
                0x0000000000092758                __ratio
                0x00000000000927e0                _mprec_log10
                0x0000000000092818                __copybits
                0x0000000000092880                __any_on
 *fill*         0x0000000000092904        0x4 
 .text          0x0000000000092908       0x4c g:/pi/gcc_linaro_7_1/bin/../aarch64-elf/libc/usr/lib\libc.a(lib_a-sbrkr.o)
                0x0000000000092908                _sbrk_r
 *fill*         0x0000000000092954        0x4 
 .text          0x0000000000092958        0xc g:/pi/gcc_linaro_7_1/bin/../aarch64-elf/libc/usr/lib\libc.a(lib_a-sf_nan.o)
                0x0000000000092958                nanf
 *fill*         0x0000000000092964        0x4 
 .text          0x0000000000092968     0x1fb8 g:/pi/gcc_linaro_7_1/bin/../aarch64-elf/libc/usr/lib\libc.a(lib_a-strtodg.o)
                0x0000000000092a60                increment
                0x0000000000092ef8                decrement
                0x0000000000092f30                set_ones
                0x0000000000092ff8                _strtodg_l
 .text          0x0000000000094920       0x90 g:/pi/gcc_linaro_7_1/bin/../aarch64-elf/libc/usr/lib\libc.a(lib_a-callocr.o)
                0x0000000000094920                _calloc_r
 .text          0x00000000000949b0        0xc g:/pi/gcc_linaro_7_1/bin/../aarch64-elf/libc/usr/lib\libc.a(lib_a-envlock.o)
                0x00000000000949b0                __env_lock
                0x00000000000949b8                __env_unlock
 *fill*         0x00000000000949bc        0x4 
 .text          0x00000000000949c0       0x98 g:/pi/gcc_linaro_7_1/bin/../aarch64-elf/libc/usr/lib\libm.a(lib_a-sf_cos.o)
                0x00000000000949c0                cosf
 .text          0x0000000000094a58       0xa0 g:/pi/gcc_linaro_7_1/bin/../aarch64-elf/libc/usr/lib\libm.a(lib_a-sf_sin.o)
                0x0000000000094a58                sinf
 .text          0x0000000000094af8      0x2c8 g:/pi/gcc_linaro_7_1/bin/../aarch64-elf/libc/usr/lib\libm.a(lib_a-ef_rem_pio2.o)
                0x0000000000094af8                __ieee754_rem_pio2f
 .text          0x0000000000094dc0      0x118 g:/pi/gcc_linaro_7_1/bin/../aarch64-elf/libc/usr/lib\libm.a(lib_a-kf_cos.o)
                0x0000000000094dc0                __kernel_cosf
 .text          0x0000000000094ed8      0x7d4 g:/pi/gcc_linaro_7_1/bin/../aarch64-elf/libc/usr/lib\libm.a(lib_a-kf_rem_pio2.o)
                0x0000000000094ed8                __kernel_rem_pio2f
 *fill*         0x00000000000956ac        0x4 
 .text          0x00000000000956b0       0x9c g:/pi/gcc_linaro_7_1/bin/../aarch64-elf/libc/usr/lib\libm.a(lib_a-kf_sin.o)
                0x00000000000956b0                __kernel_sinf
 *fill*         0x000000000009574c        0x4 
 .text          0x0000000000095750        0x8 g:/pi/gcc_linaro_7_1/bin/../aarch64-elf/libc/usr/lib\libm.a(lib_a-sf_fabs.o)
                0x0000000000095750                fabsf
 .text          0x0000000000095758        0x8 g:/pi/gcc_linaro_7_1/bin/../aarch64-elf/libc/usr/lib\libm.a(lib_a-sf_floor.o)
                0x0000000000095758                floorf
 .text          0x0000000000095760      0x108 g:/pi/gcc_linaro_7_1/bin/../aarch64-elf/libc/usr/lib\libm.a(lib_a-sf_scalbn.o)
                0x0000000000095760                scalbnf
 .text          0x0000000000095868       0x20 g:/pi/gcc_linaro_7_1/bin/../aarch64-elf/libc/usr/lib\libm.a(lib_a-sf_copysign.o)
                0x0000000000095868                copysignf
 *(.rel.text .rel.text.* .rel.gnu.linkonce.t.*)
 *(.init .init.*)
                0x0000000000095888                . = ALIGN (0x4)
                0x0000000000095888                __text_end__ = .

.iplt           0x0000000000095888        0x0
 .iplt          0x0000000000095888        0x0 C:\Users\ldebo\AppData\Local\Temp\cczhDkWo.o

.bss            0x0000000000095888     0x2a10
                0x0000000000095888                . = ALIGN (0x4)
                0x0000000000095888                __bss_start__ = .
 *(.bss .bss.* .gnu.linkonce.b.*)
 .bss           0x0000000000095888       0xe8 C:\Users\ldebo\AppData\Local\Temp\cczhDkWo.o
                0x0000000000095890                model
 .bss           0x0000000000095970       0x78 C:\Users\ldebo\AppData\Local\Temp\ccOqyWMh.o
                0x0000000000095974                console
 .bss           0x00000000000959e8     0x25a0 C:\Users\ldebo\AppData\Local\Temp\ccGdDIKx.o
                0x00000000000959e8                LOG_ERROR
 .bss           0x0000000000097f88        0x4 C:\Users\ldebo\AppData\Local\Temp\ccZuTXQs.o
 *fill*         0x0000000000097f8c        0x4 
 .bss           0x0000000000097f90      0x2b0 g:/pi/gcc_linaro_7_1/bin/../aarch64-elf/libc/usr/lib\libc.a(lib_a-locale.o)
                0x0000000000098238                _PathLocale
 .bss           0x0000000000098240       0x40 g:/pi/gcc_linaro_7_1/bin/../aarch64-elf/libc/usr/lib\libc.a(lib_a-mallocr.o)
                0x0000000000098240                __malloc_top_pad
                0x0000000000098248                __malloc_current_mallinfo
                0x0000000000098270                __malloc_max_sbrked_mem
                0x0000000000098278                __malloc_max_total_mem
 .bss           0x0000000000098280        0x8 g:/pi/gcc_linaro_7_1/bin/../aarch64-elf/libc/usr/lib\libc.a(lib_a-environ.o)
 *(.rela.bss .rela.bss.* .rela.gnu.linkonce.b.*)
 *(COMMON)
 COMMON         0x0000000000098288        0xc C:\Users\ldebo\AppData\Local\Temp\cczhDkWo.o
                0x0000000000098288                __errno
                0x000000000009828c                halfScrHt
                0x0000000000098290                halfScrWth
 COMMON         0x0000000000098294        0x4 g:/pi/gcc_linaro_7_1/bin/../aarch64-elf/libc/usr/lib\libc.a(lib_a-reent.o)
                0x0000000000098294                errno
                0x0000000000098298                . = ALIGN (0x4)
                0x0000000000098298                __bss_end__ = .

.rodata         0x0000000000098298     0x255c
                0x0000000000098298                . = ALIGN (0x4)
                0x0000000000098298                __rodata_start__ = .
 *(.rodata .rodata.*)
 .rodata.str1.8
                0x0000000000098298       0x40 C:\Users\ldebo\AppData\Local\Temp\cczhDkWo.o
 .rodata.cpuid  0x00000000000982d8        0xc C:\Users\ldebo\AppData\Local\Temp\ccNUuIEG.o
 .rodata        0x00000000000982e4     0x1004 C:\Users\ldebo\AppData\Local\Temp\ccOqyWMh.o
                0x00000000000992e4                BitFontEnd
 .rodata.str1.8
                0x00000000000992e8       0xd4 C:\Users\ldebo\AppData\Local\Temp\ccOqyWMh.o
 *fill*         0x00000000000993bc        0x4 
 .rodata        0x00000000000993c0      0x108 C:\Users\ldebo\AppData\Local\Temp\ccckGFL1.o
 .rodata        0x00000000000994c8       0x28 C:\Users\ldebo\AppData\Local\Temp\ccGdDIKx.o
 .rodata.str1.8
                0x00000000000994f0      0x39a C:\Users\ldebo\AppData\Local\Temp\ccGdDIKx.o
 *fill*         0x000000000009988a        0x6 
 .rodata        0x0000000000099890       0x40 C:\Users\ldebo\AppData\Local\Temp\ccZuTXQs.o
                0x0000000000099890                IdentityMatrix3D
 .rodata.str1.8
                0x00000000000998d0      0x2ed C:\Users\ldebo\AppData\Local\Temp\ccZuTXQs.o
 *fill*         0x0000000000099bbd        0x3 
 .rodata        0x0000000000099bc0      0x250 g:/pi/gcc_linaro_7_1/bin/../aarch64-elf/libc/usr/lib\libc.a(lib_a-locale.o)
                0x0000000000099c68                __C_locale
 .rodata.str1.8
                0x0000000000099e10      0x17c g:/pi/gcc_linaro_7_1/bin/../aarch64-elf/libc/usr/lib\libc.a(lib_a-locale.o)
                                        0x18c (size before relaxing)
 *fill*         0x0000000000099f8c        0x4 
 .rodata        0x0000000000099f90       0x90 g:/pi/gcc_linaro_7_1/bin/../aarch64-elf/libc/usr/lib\libc.a(lib_a-mbtowc_r.o)
 .rodata        0x000000000009a020       0x58 g:/pi/gcc_linaro_7_1/bin/../aarch64-elf/libc/usr/lib\libc.a(lib_a-strtod.o)
 .rodata.str1.8
                0x000000000009a078       0x18 g:/pi/gcc_linaro_7_1/bin/../aarch64-elf/libc/usr/lib\libc.a(lib_a-strtod.o)
                                         0x13 (size before relaxing)
 .rodata        0x000000000009a090      0x101 g:/pi/gcc_linaro_7_1/bin/../aarch64-elf/libc/usr/lib\libc.a(lib_a-ctype_.o)
                0x000000000009a090                _ctype_
 *fill*         0x000000000009a191        0x7 
 .rodata        0x000000000009a198      0x100 g:/pi/gcc_linaro_7_1/bin/../aarch64-elf/libc/usr/lib\libc.a(lib_a-gdtoa-gethex.o)
                0x000000000009a198                __hexdig
 .rodata        0x000000000009a298      0x128 g:/pi/gcc_linaro_7_1/bin/../aarch64-elf/libc/usr/lib\libc.a(lib_a-mprec.o)
                0x000000000009a2a8                __mprec_tens
                0x000000000009a370                __mprec_tinytens
                0x000000000009a398                __mprec_bigtens
 .rodata        0x000000000009a3c0       0x5c g:/pi/gcc_linaro_7_1/bin/../aarch64-elf/libc/usr/lib\libc.a(lib_a-strtodg.o)
 .rodata.str1.8
                0x000000000009a41c       0x13 g:/pi/gcc_linaro_7_1/bin/../aarch64-elf/libc/usr/lib\libc.a(lib_a-strtodg.o)
 *fill*         0x000000000009a41c        0x4 
 .rodata        0x000000000009a420      0x398 g:/pi/gcc_linaro_7_1/bin/../aarch64-elf/libc/usr/lib\libm.a(lib_a-ef_rem_pio2.o)
 .rodata        0x000000000009a7b8       0x3c g:/pi/gcc_linaro_7_1/bin/../aarch64-elf/libc/usr/lib\libm.a(lib_a-kf_rem_pio2.o)
 *(.rel.rodata .rel.rodata.* .rel.gnu.linkonce.r.*)
                0x000000000009a7f4                . = ALIGN (0x4)
                0x000000000009a7f4                __rodata_end__ = .

.rela.dyn       0x000000000009a7f8        0x0
 .rela.iplt     0x000000000009a7f8        0x0 C:\Users\ldebo\AppData\Local\Temp\cczhDkWo.o

.data           0x000000000009a7f8     0x1528
                0x000000000009a7f8                . = ALIGN (0x4)
                0x000000000009a7f8                __data_start__ = .
 *(.data .data.* .gnu.linkonce.d.*)
 .data.smartstart64
                0x000000000009a7f8       0x20 C:\Users\ldebo\AppData\Local\Temp\ccNUuIEG.o
                0x000000000009a7f8                RPi_IO_Base_Addr
                0x000000000009a7fc                RPi_BootAddr
                0x000000000009a800                RPi_CoresReady
                0x000000000009a804                RPi_CPUBootMode
                0x000000000009a808                RPi_CpuId
                0x000000000009a80c                RPi_CompileMode
 .data          0x000000000009a818        0x4 C:\Users\ldebo\AppData\Local\Temp\ccOqyWMh.o
 *fill*         0x000000000009a81c        0x4 
 .data          0x000000000009a820      0x3a8 C:\Users\ldebo\AppData\Local\Temp\ccGdDIKx.o
 .data          0x000000000009abc8      0x1c8 g:/pi/gcc_linaro_7_1/bin/../aarch64-elf/libc/usr/lib\libc.a(lib_a-locale.o)
                0x000000000009abc8                __global_locale
                0x000000000009ad70                __default_locale
 .data          0x000000000009ad90       0x14 g:/pi/gcc_linaro_7_1/bin/../aarch64-elf/libc/usr/lib\libc.a(lib_a-strtorx.o)
 *fill*         0x000000000009ada4        0x4 
 .data          0x000000000009ada8      0x750 g:/pi/gcc_linaro_7_1/bin/../aarch64-elf/libc/usr/lib\libc.a(lib_a-impure.o)
                0x000000000009ada8                _impure_ptr
 .data          0x000000000009b4f8      0x820 g:/pi/gcc_linaro_7_1/bin/../aarch64-elf/libc/usr/lib\libc.a(lib_a-mallocr.o)
                0x000000000009b4f8                __malloc_av_
                0x000000000009bd08                __malloc_sbrk_base
                0x000000000009bd10                __malloc_trim_threshold
 .data          0x000000000009bd18        0x8 g:/pi/gcc_linaro_7_1/bin/../aarch64-elf/libc/usr/lib\libc.a(lib_a-environ.o)
                0x000000000009bd18                environ
 *(.rel.data .rel.data.* .rel.gnu.linkonce.d.*)
                0x000000000009bd20                . = ALIGN (0x4)
                0x000000000009bd20                __data_end__ = .

.igot.plt       0x000000000009bd20        0x0
 .igot.plt      0x000000000009bd20        0x0 C:\Users\ldebo\AppData\Local\Temp\cczhDkWo.o

.data1          0x000000000009bd20        0x0
                0x000000000009bd20                . = ALIGN (0x10)
                0x000000000009bd20                __data1_start__ = .
 *(.data1 .data1.*)
 *(.rel.data1 .rel.data1.*)
                0x000000000009bd20                . = ALIGN (0x10)
                0x000000000009bd20                __data1_end__ = .

.stack          0x000000000009bd20     0xc200
                0x000000000009bd20                . = ALIGN (0x10)
                0x000000000009bd20                __stack_start__ = .
                0x000000000009bf20                . = (. + 0x200)
 *fill*         0x000000000009bd20      0x200 
                0x000000000009bf20                __EL0_stack_core0 = .
                0x00000000000a3f20                . = (. + 0x8000)
 *fill*         0x000000000009bf20     0x8000 
                0x00000000000a3f20                __EL1_stack_core0 = .
                0x00000000000a7f20                . = (. + 0x4000)
 *fill*         0x00000000000a3f20     0x4000 
                0x00000000000a7f20                __EL2_stack_core0 = .
                0x00000000000a7f20                . = ALIGN (0x10)
                0x00000000000a7f20                __stack_end__ = .

.stack_core1    0x00000000000a7f20     0x1400
                0x00000000000a7f20                . = ALIGN (0x10)
                0x00000000000a7f20                __stack_start_core1__ = .
                0x00000000000a8120                . = (. + 0x200)
 *fill*         0x00000000000a7f20      0x200 
                0x00000000000a8120                __EL0_stack_core1 = .
                0x00000000000a8320                . = (. + 0x200)
 *fill*         0x00000000000a8120      0x200 
                0x00000000000a8320                __EL1_stack_core1 = .
                0x00000000000a9320                . = (. + 0x1000)
 *fill*         0x00000000000a8320     0x1000 
                0x00000000000a9320                __EL2_stack_core1 = .
                0x00000000000a9320                . = ALIGN (0x10)
                0x00000000000a9320                __stack_end_core1__ = .

.stack_core2    0x00000000000a9320     0x1400
                0x00000000000a9320                . = ALIGN (0x10)
                0x00000000000a9320                __stack_start_core2__ = .
                0x00000000000a9520                . = (. + 0x200)
 *fill*         0x00000000000a9320      0x200 
                0x00000000000a9520                __EL0_stack_core2 = .
                0x00000000000a9720                . = (. + 0x200)
 *fill*         0x00000000000a9520      0x200 
                0x00000000000a9720                __EL1_stack_core2 = .
                0x00000000000aa720                . = (. + 0x1000)
 *fill*         0x00000000000a9720     0x1000 
                0x00000000000aa720                __EL2_stack_core2 = .
                0x00000000000aa720                . = ALIGN (0x10)
                0x00000000000aa720                __stack_end_core2__ = .

.stack_core3    0x00000000000aa720     0x1400
                0x00000000000aa720                . = ALIGN (0x10)
                0x00000000000aa720                __stack_start_core3__ = .
                0x00000000000aa920                . = (. + 0x200)
 *fill*         0x00000000000aa720      0x200 
                0x00000000000aa920                __EL0_stack_core3 = .
                0x00000000000aab20                . = (. + 0x200)
 *fill*         0x00000000000aa920      0x200 
                0x00000000000aab20                __EL1_stack_core3 = .
                0x00000000000abb20                . = (. + 0x1000)
 *fill*         0x00000000000aab20     0x1000 
                0x00000000000abb20                __EL2_stack_core3 = .
                0x00000000000abb20                . = ALIGN (0x10)
                0x00000000000abb20                __stack_end_core3__ = .

.ARM.attributes
 *(.ARM.attributes)

.Heap           0x00000000000abb20        0x0
                0x00000000000abb20                . = ALIGN (0x4)
                0x00000000000abb20                __heap_start__ = .
                0x00000000000abb20                __end__ = .
                [!provide]                        PROVIDE (__end__, .)
                0x00000000000abb20                _end = .
                [!provide]                        PROVIDE (end, .)

/DISCARD/
 *(.ARM.exidx .ARM.exidx.*)
 *(.rel.ARM.exidx .rel.ARM.exidx.* .gnu.linkonce.armexidx.*)
 *(.debug_frame .debug_frame.*)
 *(.comment *.comment.*)
 *(.symtab .symtab.*)
 *(.strtab .strtab.*)
 *(.shstrtab .shstrtab.*)
 libc.a(*)
 libm.a(*)
 libgcc.a(*)
 *(.note.GNU-stack)
 *(.gnu_debuglink)
 *(.gnu.lto_*)
LOAD C:\Users\ldebo\AppData\Local\Temp\cczhDkWo.o
LOAD C:\Users\ldebo\AppData\Local\Temp\ccNUuIEG.o
LOAD C:\Users\ldebo\AppData\Local\Temp\ccOqyWMh.o
LOAD C:\Users\ldebo\AppData\Local\Temp\ccckGFL1.o
LOAD C:\Users\ldebo\AppData\Local\Temp\ccGdDIKx.o
LOAD C:\Users\ldebo\AppData\Local\Temp\ccZuTXQs.o
LOAD g:/pi/gcc_linaro_7_1/bin/../aarch64-elf/libc/usr/lib\libc.a
LOAD g:/pi/gcc_linaro_7_1/bin/../aarch64-elf/libc/usr/lib\libm.a
LOAD g:/pi/gcc_linaro_7_1/bin/../lib/gcc/aarch64-elf/7.1.1\libgcc.a
OUTPUT(kernel.elf elf64-littleaarch64)

.debug_info     0x0000000000000000    0x28b47
 .debug_info    0x0000000000000000     0x1d43 g:/pi/gcc_linaro_7_1/bin/../aarch64-elf/libc/usr/lib\libc.a(lib_a-locale.o)
 .debug_info    0x0000000000001d43      0x960 g:/pi/gcc_linaro_7_1/bin/../aarch64-elf/libc/usr/lib\libc.a(lib_a-mbstowcs.o)
 .debug_info    0x00000000000026a3      0xf04 g:/pi/gcc_linaro_7_1/bin/../aarch64-elf/libc/usr/lib\libc.a(lib_a-mbstowcs_r.o)
 .debug_info    0x00000000000035a7     0x13a2 g:/pi/gcc_linaro_7_1/bin/../aarch64-elf/libc/usr/lib\libc.a(lib_a-mbtowc_r.o)
 .debug_info    0x0000000000004949      0x1c2 g:/pi/gcc_linaro_7_1/bin/../aarch64-elf/libc/usr/lib\libc.a(lib_a-memcpy.o)
 .debug_info    0x0000000000004b0b      0xa8d g:/pi/gcc_linaro_7_1/bin/../aarch64-elf/libc/usr/lib\libc.a(lib_a-reent.o)
 .debug_info    0x0000000000005598      0x972 g:/pi/gcc_linaro_7_1/bin/../aarch64-elf/libc/usr/lib\libc.a(lib_a-strcasecmp.o)
 .debug_info    0x0000000000005f0a      0x92e g:/pi/gcc_linaro_7_1/bin/../aarch64-elf/libc/usr/lib\libc.a(lib_a-strcat.o)
 .debug_info    0x0000000000006838      0x1c2 g:/pi/gcc_linaro_7_1/bin/../aarch64-elf/libc/usr/lib\libc.a(lib_a-strchr.o)
 .debug_info    0x00000000000069fa      0x1c2 g:/pi/gcc_linaro_7_1/bin/../aarch64-elf/libc/usr/lib\libc.a(lib_a-strcmp.o)
 .debug_info    0x0000000000006bbc      0x1c2 g:/pi/gcc_linaro_7_1/bin/../aarch64-elf/libc/usr/lib\libc.a(lib_a-strcpy.o)
 .debug_info    0x0000000000006d7e      0x911 g:/pi/gcc_linaro_7_1/bin/../aarch64-elf/libc/usr/lib\libc.a(lib_a-strlcpy.o)
 .debug_info    0x000000000000768f      0x1c2 g:/pi/gcc_linaro_7_1/bin/../aarch64-elf/libc/usr/lib\libc.a(lib_a-strlen.o)
 .debug_info    0x0000000000007851      0x98a g:/pi/gcc_linaro_7_1/bin/../aarch64-elf/libc/usr/lib\libc.a(lib_a-strncasecmp.o)
 .debug_info    0x00000000000081db      0x1c3 g:/pi/gcc_linaro_7_1/bin/../aarch64-elf/libc/usr/lib\libc.a(lib_a-strncmp.o)
 .debug_info    0x000000000000839e      0x945 g:/pi/gcc_linaro_7_1/bin/../aarch64-elf/libc/usr/lib\libc.a(lib_a-strncpy.o)
 .debug_info    0x0000000000008ce3     0x1da4 g:/pi/gcc_linaro_7_1/bin/../aarch64-elf/libc/usr/lib\libc.a(lib_a-strtod.o)
 .debug_info    0x000000000000aa87     0x112c g:/pi/gcc_linaro_7_1/bin/../aarch64-elf/libc/usr/lib\libc.a(lib_a-strtol.o)
 .debug_info    0x000000000000bbb3     0x10b9 g:/pi/gcc_linaro_7_1/bin/../aarch64-elf/libc/usr/lib\libc.a(lib_a-strtold.o)
 .debug_info    0x000000000000cc6c     0x112e g:/pi/gcc_linaro_7_1/bin/../aarch64-elf/libc/usr/lib\libc.a(lib_a-strtoll.o)
 .debug_info    0x000000000000dd9a     0x1131 g:/pi/gcc_linaro_7_1/bin/../aarch64-elf/libc/usr/lib\libc.a(lib_a-strtorx.o)
 .debug_info    0x000000000000eecb     0x112c g:/pi/gcc_linaro_7_1/bin/../aarch64-elf/libc/usr/lib\libc.a(lib_a-strtoul.o)
 .debug_info    0x000000000000fff7     0x112e g:/pi/gcc_linaro_7_1/bin/../aarch64-elf/libc/usr/lib\libc.a(lib_a-strtoull.o)
 .debug_info    0x0000000000011125      0x913 g:/pi/gcc_linaro_7_1/bin/../aarch64-elf/libc/usr/lib\libc.a(lib_a-wcscpy.o)
 .debug_info    0x0000000000011a38      0xedf g:/pi/gcc_linaro_7_1/bin/../aarch64-elf/libc/usr/lib\libc.a(lib_a-wctob.o)
 .debug_info    0x0000000000012917     0x1172 g:/pi/gcc_linaro_7_1/bin/../aarch64-elf/libc/usr/lib\libc.a(lib_a-wctomb_r.o)
 .debug_info    0x0000000000013a89      0xe29 g:/pi/gcc_linaro_7_1/bin/../aarch64-elf/libc/usr/lib\libc.a(lib_a-ctype_.o)
 .debug_info    0x00000000000148b2      0xd0a g:/pi/gcc_linaro_7_1/bin/../aarch64-elf/libc/usr/lib\libc.a(lib_a-freer.o)
 .debug_info    0x00000000000155bc     0x1566 g:/pi/gcc_linaro_7_1/bin/../aarch64-elf/libc/usr/lib\libc.a(lib_a-gdtoa-gethex.o)
 .debug_info    0x0000000000016b22     0x1141 g:/pi/gcc_linaro_7_1/bin/../aarch64-elf/libc/usr/lib\libc.a(lib_a-gdtoa-hexnan.o)
 .debug_info    0x0000000000017c63      0xa34 g:/pi/gcc_linaro_7_1/bin/../aarch64-elf/libc/usr/lib\libc.a(lib_a-getenv_r.o)
 .debug_info    0x0000000000018697      0x8b9 g:/pi/gcc_linaro_7_1/bin/../aarch64-elf/libc/usr/lib\libc.a(lib_a-impure.o)
 .debug_info    0x0000000000018f50      0xed4 g:/pi/gcc_linaro_7_1/bin/../aarch64-elf/libc/usr/lib\libc.a(lib_a-localeconv.o)
 .debug_info    0x0000000000019e24      0xe5c g:/pi/gcc_linaro_7_1/bin/../aarch64-elf/libc/usr/lib\libc.a(lib_a-mallocr.o)
 .debug_info    0x000000000001ac80      0x1c2 g:/pi/gcc_linaro_7_1/bin/../aarch64-elf/libc/usr/lib\libc.a(lib_a-memset.o)
 .debug_info    0x000000000001ae42      0x8f0 g:/pi/gcc_linaro_7_1/bin/../aarch64-elf/libc/usr/lib\libc.a(lib_a-mlock.o)
 .debug_info    0x000000000001b732     0x1d7b g:/pi/gcc_linaro_7_1/bin/../aarch64-elf/libc/usr/lib\libc.a(lib_a-mprec.o)
 .debug_info    0x000000000001d4ad      0x976 g:/pi/gcc_linaro_7_1/bin/../aarch64-elf/libc/usr/lib\libc.a(lib_a-sbrkr.o)
 .debug_info    0x000000000001de23      0x915 g:/pi/gcc_linaro_7_1/bin/../aarch64-elf/libc/usr/lib\libc.a(lib_a-sf_nan.o)
 .debug_info    0x000000000001e738     0x27b3 g:/pi/gcc_linaro_7_1/bin/../aarch64-elf/libc/usr/lib\libc.a(lib_a-strtodg.o)
 .debug_info    0x0000000000020eeb      0xb85 g:/pi/gcc_linaro_7_1/bin/../aarch64-elf/libc/usr/lib\libc.a(lib_a-callocr.o)
 .debug_info    0x0000000000021a70       0x72 g:/pi/gcc_linaro_7_1/bin/../aarch64-elf/libc/usr/lib\libc.a(lib_a-environ.o)
 .debug_info    0x0000000000021ae2      0x8f0 g:/pi/gcc_linaro_7_1/bin/../aarch64-elf/libc/usr/lib\libc.a(lib_a-envlock.o)
 .debug_info    0x00000000000223d2      0xa63 g:/pi/gcc_linaro_7_1/bin/../aarch64-elf/libc/usr/lib\libm.a(lib_a-sf_cos.o)
 .debug_info    0x0000000000022e35      0xa59 g:/pi/gcc_linaro_7_1/bin/../aarch64-elf/libc/usr/lib\libm.a(lib_a-sf_sin.o)
 .debug_info    0x000000000002388e      0xbef g:/pi/gcc_linaro_7_1/bin/../aarch64-elf/libc/usr/lib\libm.a(lib_a-ef_rem_pio2.o)
 .debug_info    0x000000000002447d      0xa54 g:/pi/gcc_linaro_7_1/bin/../aarch64-elf/libc/usr/lib\libm.a(lib_a-kf_cos.o)
 .debug_info    0x0000000000024ed1      0xc18 g:/pi/gcc_linaro_7_1/bin/../aarch64-elf/libc/usr/lib\libm.a(lib_a-kf_rem_pio2.o)
 .debug_info    0x0000000000025ae9      0xa24 g:/pi/gcc_linaro_7_1/bin/../aarch64-elf/libc/usr/lib\libm.a(lib_a-kf_sin.o)
 .debug_info    0x000000000002650d      0x911 g:/pi/gcc_linaro_7_1/bin/../aarch64-elf/libc/usr/lib\libm.a(lib_a-sf_fabs.o)
 .debug_info    0x0000000000026e1e      0x911 g:/pi/gcc_linaro_7_1/bin/../aarch64-elf/libc/usr/lib\libm.a(lib_a-sf_floor.o)
 .debug_info    0x000000000002772f      0xa74 g:/pi/gcc_linaro_7_1/bin/../aarch64-elf/libc/usr/lib\libm.a(lib_a-sf_scalbn.o)
 .debug_info    0x00000000000281a3      0x9a4 g:/pi/gcc_linaro_7_1/bin/../aarch64-elf/libc/usr/lib\libm.a(lib_a-sf_copysign.o)

.debug_abbrev   0x0000000000000000     0x711b
 .debug_abbrev  0x0000000000000000      0x3cc g:/pi/gcc_linaro_7_1/bin/../aarch64-elf/libc/usr/lib\libc.a(lib_a-locale.o)
 .debug_abbrev  0x00000000000003cc      0x214 g:/pi/gcc_linaro_7_1/bin/../aarch64-elf/libc/usr/lib\libc.a(lib_a-mbstowcs.o)
 .debug_abbrev  0x00000000000005e0      0x26b g:/pi/gcc_linaro_7_1/bin/../aarch64-elf/libc/usr/lib\libc.a(lib_a-mbstowcs_r.o)
 .debug_abbrev  0x000000000000084b      0x321 g:/pi/gcc_linaro_7_1/bin/../aarch64-elf/libc/usr/lib\libc.a(lib_a-mbtowc_r.o)
 .debug_abbrev  0x0000000000000b6c       0x14 g:/pi/gcc_linaro_7_1/bin/../aarch64-elf/libc/usr/lib\libc.a(lib_a-memcpy.o)
 .debug_abbrev  0x0000000000000b80      0x29e g:/pi/gcc_linaro_7_1/bin/../aarch64-elf/libc/usr/lib\libc.a(lib_a-reent.o)
 .debug_abbrev  0x0000000000000e1e      0x214 g:/pi/gcc_linaro_7_1/bin/../aarch64-elf/libc/usr/lib\libc.a(lib_a-strcasecmp.o)
 .debug_abbrev  0x0000000000001032      0x202 g:/pi/gcc_linaro_7_1/bin/../aarch64-elf/libc/usr/lib\libc.a(lib_a-strcat.o)
 .debug_abbrev  0x0000000000001234       0x14 g:/pi/gcc_linaro_7_1/bin/../aarch64-elf/libc/usr/lib\libc.a(lib_a-strchr.o)
 .debug_abbrev  0x0000000000001248       0x14 g:/pi/gcc_linaro_7_1/bin/../aarch64-elf/libc/usr/lib\libc.a(lib_a-strcmp.o)
 .debug_abbrev  0x000000000000125c       0x14 g:/pi/gcc_linaro_7_1/bin/../aarch64-elf/libc/usr/lib\libc.a(lib_a-strcpy.o)
 .debug_abbrev  0x0000000000001270      0x1d2 g:/pi/gcc_linaro_7_1/bin/../aarch64-elf/libc/usr/lib\libc.a(lib_a-strlcpy.o)
 .debug_abbrev  0x0000000000001442       0x14 g:/pi/gcc_linaro_7_1/bin/../aarch64-elf/libc/usr/lib\libc.a(lib_a-strlen.o)
 .debug_abbrev  0x0000000000001456      0x214 g:/pi/gcc_linaro_7_1/bin/../aarch64-elf/libc/usr/lib\libc.a(lib_a-strncasecmp.o)
 .debug_abbrev  0x000000000000166a       0x14 g:/pi/gcc_linaro_7_1/bin/../aarch64-elf/libc/usr/lib\libc.a(lib_a-strncmp.o)
 .debug_abbrev  0x000000000000167e      0x1ea g:/pi/gcc_linaro_7_1/bin/../aarch64-elf/libc/usr/lib\libc.a(lib_a-strncpy.o)
 .debug_abbrev  0x0000000000001868      0x3f6 g:/pi/gcc_linaro_7_1/bin/../aarch64-elf/libc/usr/lib\libc.a(lib_a-strtod.o)
 .debug_abbrev  0x0000000000001c5e      0x2dc g:/pi/gcc_linaro_7_1/bin/../aarch64-elf/libc/usr/lib\libc.a(lib_a-strtol.o)
 .debug_abbrev  0x0000000000001f3a      0x282 g:/pi/gcc_linaro_7_1/bin/../aarch64-elf/libc/usr/lib\libc.a(lib_a-strtold.o)
 .debug_abbrev  0x00000000000021bc      0x2f8 g:/pi/gcc_linaro_7_1/bin/../aarch64-elf/libc/usr/lib\libc.a(lib_a-strtoll.o)
 .debug_abbrev  0x00000000000024b4      0x2cb g:/pi/gcc_linaro_7_1/bin/../aarch64-elf/libc/usr/lib\libc.a(lib_a-strtorx.o)
 .debug_abbrev  0x000000000000277f      0x2dc g:/pi/gcc_linaro_7_1/bin/../aarch64-elf/libc/usr/lib\libc.a(lib_a-strtoul.o)
 .debug_abbrev  0x0000000000002a5b      0x2f8 g:/pi/gcc_linaro_7_1/bin/../aarch64-elf/libc/usr/lib\libc.a(lib_a-strtoull.o)
 .debug_abbrev  0x0000000000002d53      0x1db g:/pi/gcc_linaro_7_1/bin/../aarch64-elf/libc/usr/lib\libc.a(lib_a-wcscpy.o)
 .debug_abbrev  0x0000000000002f2e      0x254 g:/pi/gcc_linaro_7_1/bin/../aarch64-elf/libc/usr/lib\libc.a(lib_a-wctob.o)
 .debug_abbrev  0x0000000000003182      0x28c g:/pi/gcc_linaro_7_1/bin/../aarch64-elf/libc/usr/lib\libc.a(lib_a-wctomb_r.o)
 .debug_abbrev  0x000000000000340e      0x1f5 g:/pi/gcc_linaro_7_1/bin/../aarch64-elf/libc/usr/lib\libc.a(lib_a-ctype_.o)
 .debug_abbrev  0x0000000000003603      0x29e g:/pi/gcc_linaro_7_1/bin/../aarch64-elf/libc/usr/lib\libc.a(lib_a-freer.o)
 .debug_abbrev  0x00000000000038a1      0x347 g:/pi/gcc_linaro_7_1/bin/../aarch64-elf/libc/usr/lib\libc.a(lib_a-gdtoa-gethex.o)
 .debug_abbrev  0x0000000000003be8      0x2d8 g:/pi/gcc_linaro_7_1/bin/../aarch64-elf/libc/usr/lib\libc.a(lib_a-gdtoa-hexnan.o)
 .debug_abbrev  0x0000000000003ec0      0x227 g:/pi/gcc_linaro_7_1/bin/../aarch64-elf/libc/usr/lib\libc.a(lib_a-getenv_r.o)
 .debug_abbrev  0x00000000000040e7      0x19f g:/pi/gcc_linaro_7_1/bin/../aarch64-elf/libc/usr/lib\libc.a(lib_a-impure.o)
 .debug_abbrev  0x0000000000004286      0x262 g:/pi/gcc_linaro_7_1/bin/../aarch64-elf/libc/usr/lib\libc.a(lib_a-localeconv.o)
 .debug_abbrev  0x00000000000044e8      0x2da g:/pi/gcc_linaro_7_1/bin/../aarch64-elf/libc/usr/lib\libc.a(lib_a-mallocr.o)
 .debug_abbrev  0x00000000000047c2       0x14 g:/pi/gcc_linaro_7_1/bin/../aarch64-elf/libc/usr/lib\libc.a(lib_a-memset.o)
 .debug_abbrev  0x00000000000047d6      0x1e0 g:/pi/gcc_linaro_7_1/bin/../aarch64-elf/libc/usr/lib\libc.a(lib_a-mlock.o)
 .debug_abbrev  0x00000000000049b6      0x3c3 g:/pi/gcc_linaro_7_1/bin/../aarch64-elf/libc/usr/lib\libc.a(lib_a-mprec.o)
 .debug_abbrev  0x0000000000004d79      0x222 g:/pi/gcc_linaro_7_1/bin/../aarch64-elf/libc/usr/lib\libc.a(lib_a-sbrkr.o)
 .debug_abbrev  0x0000000000004f9b      0x1e8 g:/pi/gcc_linaro_7_1/bin/../aarch64-elf/libc/usr/lib\libc.a(lib_a-sf_nan.o)
 .debug_abbrev  0x0000000000005183      0x46f g:/pi/gcc_linaro_7_1/bin/../aarch64-elf/libc/usr/lib\libc.a(lib_a-strtodg.o)
 .debug_abbrev  0x00000000000055f2      0x24d g:/pi/gcc_linaro_7_1/bin/../aarch64-elf/libc/usr/lib\libc.a(lib_a-callocr.o)
 .debug_abbrev  0x000000000000583f       0x56 g:/pi/gcc_linaro_7_1/bin/../aarch64-elf/libc/usr/lib\libc.a(lib_a-environ.o)
 .debug_abbrev  0x0000000000005895      0x1e4 g:/pi/gcc_linaro_7_1/bin/../aarch64-elf/libc/usr/lib\libc.a(lib_a-envlock.o)
 .debug_abbrev  0x0000000000005a79      0x264 g:/pi/gcc_linaro_7_1/bin/../aarch64-elf/libc/usr/lib\libm.a(lib_a-sf_cos.o)
 .debug_abbrev  0x0000000000005cdd      0x26f g:/pi/gcc_linaro_7_1/bin/../aarch64-elf/libc/usr/lib\libm.a(lib_a-sf_sin.o)
 .debug_abbrev  0x0000000000005f4c      0x2a6 g:/pi/gcc_linaro_7_1/bin/../aarch64-elf/libc/usr/lib\libm.a(lib_a-ef_rem_pio2.o)
 .debug_abbrev  0x00000000000061f2      0x234 g:/pi/gcc_linaro_7_1/bin/../aarch64-elf/libc/usr/lib\libm.a(lib_a-kf_cos.o)
 .debug_abbrev  0x0000000000006426      0x286 g:/pi/gcc_linaro_7_1/bin/../aarch64-elf/libc/usr/lib\libm.a(lib_a-kf_rem_pio2.o)
 .debug_abbrev  0x00000000000066ac      0x238 g:/pi/gcc_linaro_7_1/bin/../aarch64-elf/libc/usr/lib\libm.a(lib_a-kf_sin.o)
 .debug_abbrev  0x00000000000068e4      0x1e8 g:/pi/gcc_linaro_7_1/bin/../aarch64-elf/libc/usr/lib\libm.a(lib_a-sf_fabs.o)
 .debug_abbrev  0x0000000000006acc      0x1e8 g:/pi/gcc_linaro_7_1/bin/../aarch64-elf/libc/usr/lib\libm.a(lib_a-sf_floor.o)
 .debug_abbrev  0x0000000000006cb4      0x255 g:/pi/gcc_linaro_7_1/bin/../aarch64-elf/libc/usr/lib\libm.a(lib_a-sf_scalbn.o)
 .debug_abbrev  0x0000000000006f09      0x212 g:/pi/gcc_linaro_7_1/bin/../aarch64-elf/libc/usr/lib\libm.a(lib_a-sf_copysign.o)

.debug_loc      0x0000000000000000    0x1b6d7
 .debug_loc     0x0000000000000000     0x11a0 g:/pi/gcc_linaro_7_1/bin/../aarch64-elf/libc/usr/lib\libc.a(lib_a-locale.o)
 .debug_loc     0x00000000000011a0       0xe4 g:/pi/gcc_linaro_7_1/bin/../aarch64-elf/libc/usr/lib\libc.a(lib_a-mbstowcs.o)
 .debug_loc     0x0000000000001284      0x32c g:/pi/gcc_linaro_7_1/bin/../aarch64-elf/libc/usr/lib\libc.a(lib_a-mbstowcs_r.o)
 .debug_loc     0x00000000000015b0     0x142f g:/pi/gcc_linaro_7_1/bin/../aarch64-elf/libc/usr/lib\libc.a(lib_a-mbtowc_r.o)
 .debug_loc     0x00000000000029df      0x283 g:/pi/gcc_linaro_7_1/bin/../aarch64-elf/libc/usr/lib\libc.a(lib_a-reent.o)
 .debug_loc     0x0000000000002c62      0x20d g:/pi/gcc_linaro_7_1/bin/../aarch64-elf/libc/usr/lib\libc.a(lib_a-strcasecmp.o)
 .debug_loc     0x0000000000002e6f      0x118 g:/pi/gcc_linaro_7_1/bin/../aarch64-elf/libc/usr/lib\libc.a(lib_a-strcat.o)
 .debug_loc     0x0000000000002f87      0x1de g:/pi/gcc_linaro_7_1/bin/../aarch64-elf/libc/usr/lib\libc.a(lib_a-strlcpy.o)
 .debug_loc     0x0000000000003165      0x2bf g:/pi/gcc_linaro_7_1/bin/../aarch64-elf/libc/usr/lib\libc.a(lib_a-strncasecmp.o)
 .debug_loc     0x0000000000003424      0x300 g:/pi/gcc_linaro_7_1/bin/../aarch64-elf/libc/usr/lib\libc.a(lib_a-strncpy.o)
 .debug_loc     0x0000000000003724     0x3f75 g:/pi/gcc_linaro_7_1/bin/../aarch64-elf/libc/usr/lib\libc.a(lib_a-strtod.o)
 .debug_loc     0x0000000000007699      0x977 g:/pi/gcc_linaro_7_1/bin/../aarch64-elf/libc/usr/lib\libc.a(lib_a-strtol.o)
 .debug_loc     0x0000000000008010      0x227 g:/pi/gcc_linaro_7_1/bin/../aarch64-elf/libc/usr/lib\libc.a(lib_a-strtold.o)
 .debug_loc     0x0000000000008237      0x977 g:/pi/gcc_linaro_7_1/bin/../aarch64-elf/libc/usr/lib\libc.a(lib_a-strtoll.o)
 .debug_loc     0x0000000000008bae      0x3d2 g:/pi/gcc_linaro_7_1/bin/../aarch64-elf/libc/usr/lib\libc.a(lib_a-strtorx.o)
 .debug_loc     0x0000000000008f80      0x88e g:/pi/gcc_linaro_7_1/bin/../aarch64-elf/libc/usr/lib\libc.a(lib_a-strtoul.o)
 .debug_loc     0x000000000000980e      0x88e g:/pi/gcc_linaro_7_1/bin/../aarch64-elf/libc/usr/lib\libc.a(lib_a-strtoull.o)
 .debug_loc     0x000000000000a09c       0xa7 g:/pi/gcc_linaro_7_1/bin/../aarch64-elf/libc/usr/lib\libc.a(lib_a-wcscpy.o)
 .debug_loc     0x000000000000a143       0xbe g:/pi/gcc_linaro_7_1/bin/../aarch64-elf/libc/usr/lib\libc.a(lib_a-wctob.o)
 .debug_loc     0x000000000000a201      0xb0a g:/pi/gcc_linaro_7_1/bin/../aarch64-elf/libc/usr/lib\libc.a(lib_a-wctomb_r.o)
 .debug_loc     0x000000000000ad0b       0x39 g:/pi/gcc_linaro_7_1/bin/../aarch64-elf/libc/usr/lib\libc.a(lib_a-ctype_.o)
 .debug_loc     0x000000000000ad44      0x9ea g:/pi/gcc_linaro_7_1/bin/../aarch64-elf/libc/usr/lib\libc.a(lib_a-freer.o)
 .debug_loc     0x000000000000b72e     0x1c16 g:/pi/gcc_linaro_7_1/bin/../aarch64-elf/libc/usr/lib\libc.a(lib_a-gdtoa-gethex.o)
 .debug_loc     0x000000000000d344      0x92d g:/pi/gcc_linaro_7_1/bin/../aarch64-elf/libc/usr/lib\libc.a(lib_a-gdtoa-hexnan.o)
 .debug_loc     0x000000000000dc71      0x30f g:/pi/gcc_linaro_7_1/bin/../aarch64-elf/libc/usr/lib\libc.a(lib_a-getenv_r.o)
 .debug_loc     0x000000000000df80       0xab g:/pi/gcc_linaro_7_1/bin/../aarch64-elf/libc/usr/lib\libc.a(lib_a-localeconv.o)
 .debug_loc     0x000000000000e02b     0x16ed g:/pi/gcc_linaro_7_1/bin/../aarch64-elf/libc/usr/lib\libc.a(lib_a-mallocr.o)
 .debug_loc     0x000000000000f718     0x2f83 g:/pi/gcc_linaro_7_1/bin/../aarch64-elf/libc/usr/lib\libc.a(lib_a-mprec.o)
 .debug_loc     0x000000000001269b       0xae g:/pi/gcc_linaro_7_1/bin/../aarch64-elf/libc/usr/lib\libc.a(lib_a-sbrkr.o)
 .debug_loc     0x0000000000012749     0x6a27 g:/pi/gcc_linaro_7_1/bin/../aarch64-elf/libc/usr/lib\libc.a(lib_a-strtodg.o)
 .debug_loc     0x0000000000019170      0x323 g:/pi/gcc_linaro_7_1/bin/../aarch64-elf/libc/usr/lib\libc.a(lib_a-callocr.o)
 .debug_loc     0x0000000000019493      0x156 g:/pi/gcc_linaro_7_1/bin/../aarch64-elf/libc/usr/lib\libm.a(lib_a-sf_cos.o)
 .debug_loc     0x00000000000195e9      0x172 g:/pi/gcc_linaro_7_1/bin/../aarch64-elf/libc/usr/lib\libm.a(lib_a-sf_sin.o)
 .debug_loc     0x000000000001975b      0x890 g:/pi/gcc_linaro_7_1/bin/../aarch64-elf/libc/usr/lib\libm.a(lib_a-ef_rem_pio2.o)
 .debug_loc     0x0000000000019feb      0x260 g:/pi/gcc_linaro_7_1/bin/../aarch64-elf/libc/usr/lib\libm.a(lib_a-kf_cos.o)
 .debug_loc     0x000000000001a24b      0xdd6 g:/pi/gcc_linaro_7_1/bin/../aarch64-elf/libc/usr/lib\libm.a(lib_a-kf_rem_pio2.o)
 .debug_loc     0x000000000001b021      0x1aa g:/pi/gcc_linaro_7_1/bin/../aarch64-elf/libc/usr/lib\libm.a(lib_a-kf_sin.o)
 .debug_loc     0x000000000001b1cb       0x3c g:/pi/gcc_linaro_7_1/bin/../aarch64-elf/libc/usr/lib\libm.a(lib_a-sf_fabs.o)
 .debug_loc     0x000000000001b207       0x3c g:/pi/gcc_linaro_7_1/bin/../aarch64-elf/libc/usr/lib\libm.a(lib_a-sf_floor.o)
 .debug_loc     0x000000000001b243      0x3c5 g:/pi/gcc_linaro_7_1/bin/../aarch64-elf/libc/usr/lib\libm.a(lib_a-sf_scalbn.o)
 .debug_loc     0x000000000001b608       0xcf g:/pi/gcc_linaro_7_1/bin/../aarch64-elf/libc/usr/lib\libm.a(lib_a-sf_copysign.o)

.debug_aranges  0x0000000000000000      0x9e0
 .debug_aranges
                0x0000000000000000       0x30 g:/pi/gcc_linaro_7_1/bin/../aarch64-elf/libc/usr/lib\libc.a(lib_a-locale.o)
 .debug_aranges
                0x0000000000000030       0x30 g:/pi/gcc_linaro_7_1/bin/../aarch64-elf/libc/usr/lib\libc.a(lib_a-mbstowcs.o)
 .debug_aranges
                0x0000000000000060       0x30 g:/pi/gcc_linaro_7_1/bin/../aarch64-elf/libc/usr/lib\libc.a(lib_a-mbstowcs_r.o)
 .debug_aranges
                0x0000000000000090       0x30 g:/pi/gcc_linaro_7_1/bin/../aarch64-elf/libc/usr/lib\libc.a(lib_a-mbtowc_r.o)
 .debug_aranges
                0x00000000000000c0       0x30 g:/pi/gcc_linaro_7_1/bin/../aarch64-elf/libc/usr/lib\libc.a(lib_a-memcpy.o)
 .debug_aranges
                0x00000000000000f0       0x30 g:/pi/gcc_linaro_7_1/bin/../aarch64-elf/libc/usr/lib\libc.a(lib_a-reent.o)
 .debug_aranges
                0x0000000000000120       0x30 g:/pi/gcc_linaro_7_1/bin/../aarch64-elf/libc/usr/lib\libc.a(lib_a-strcasecmp.o)
 .debug_aranges
                0x0000000000000150       0x30 g:/pi/gcc_linaro_7_1/bin/../aarch64-elf/libc/usr/lib\libc.a(lib_a-strcat.o)
 .debug_aranges
                0x0000000000000180       0x30 g:/pi/gcc_linaro_7_1/bin/../aarch64-elf/libc/usr/lib\libc.a(lib_a-strchr.o)
 .debug_aranges
                0x00000000000001b0       0x30 g:/pi/gcc_linaro_7_1/bin/../aarch64-elf/libc/usr/lib\libc.a(lib_a-strcmp.o)
 .debug_aranges
                0x00000000000001e0       0x30 g:/pi/gcc_linaro_7_1/bin/../aarch64-elf/libc/usr/lib\libc.a(lib_a-strcpy.o)
 .debug_aranges
                0x0000000000000210       0x30 g:/pi/gcc_linaro_7_1/bin/../aarch64-elf/libc/usr/lib\libc.a(lib_a-strlcpy.o)
 .debug_aranges
                0x0000000000000240       0x30 g:/pi/gcc_linaro_7_1/bin/../aarch64-elf/libc/usr/lib\libc.a(lib_a-strlen.o)
 .debug_aranges
                0x0000000000000270       0x30 g:/pi/gcc_linaro_7_1/bin/../aarch64-elf/libc/usr/lib\libc.a(lib_a-strncasecmp.o)
 .debug_aranges
                0x00000000000002a0       0x30 g:/pi/gcc_linaro_7_1/bin/../aarch64-elf/libc/usr/lib\libc.a(lib_a-strncmp.o)
 .debug_aranges
                0x00000000000002d0       0x30 g:/pi/gcc_linaro_7_1/bin/../aarch64-elf/libc/usr/lib\libc.a(lib_a-strncpy.o)
 .debug_aranges
                0x0000000000000300       0x40 g:/pi/gcc_linaro_7_1/bin/../aarch64-elf/libc/usr/lib\libc.a(lib_a-strtod.o)
 .debug_aranges
                0x0000000000000340       0x30 g:/pi/gcc_linaro_7_1/bin/../aarch64-elf/libc/usr/lib\libc.a(lib_a-strtol.o)
 .debug_aranges
                0x0000000000000370       0x30 g:/pi/gcc_linaro_7_1/bin/../aarch64-elf/libc/usr/lib\libc.a(lib_a-strtold.o)
 .debug_aranges
                0x00000000000003a0       0x30 g:/pi/gcc_linaro_7_1/bin/../aarch64-elf/libc/usr/lib\libc.a(lib_a-strtoll.o)
 .debug_aranges
                0x00000000000003d0       0x30 g:/pi/gcc_linaro_7_1/bin/../aarch64-elf/libc/usr/lib\libc.a(lib_a-strtorx.o)
 .debug_aranges
                0x0000000000000400       0x30 g:/pi/gcc_linaro_7_1/bin/../aarch64-elf/libc/usr/lib\libc.a(lib_a-strtoul.o)
 .debug_aranges
                0x0000000000000430       0x30 g:/pi/gcc_linaro_7_1/bin/../aarch64-elf/libc/usr/lib\libc.a(lib_a-strtoull.o)
 .debug_aranges
                0x0000000000000460       0x30 g:/pi/gcc_linaro_7_1/bin/../aarch64-elf/libc/usr/lib\libc.a(lib_a-wcscpy.o)
 .debug_aranges
                0x0000000000000490       0x30 g:/pi/gcc_linaro_7_1/bin/../aarch64-elf/libc/usr/lib\libc.a(lib_a-wctob.o)
 .debug_aranges
                0x00000000000004c0       0x30 g:/pi/gcc_linaro_7_1/bin/../aarch64-elf/libc/usr/lib\libc.a(lib_a-wctomb_r.o)
 .debug_aranges
                0x00000000000004f0       0x30 g:/pi/gcc_linaro_7_1/bin/../aarch64-elf/libc/usr/lib\libc.a(lib_a-ctype_.o)
 .debug_aranges
                0x0000000000000520       0x30 g:/pi/gcc_linaro_7_1/bin/../aarch64-elf/libc/usr/lib\libc.a(lib_a-freer.o)
 .debug_aranges
                0x0000000000000550       0x30 g:/pi/gcc_linaro_7_1/bin/../aarch64-elf/libc/usr/lib\libc.a(lib_a-gdtoa-gethex.o)
 .debug_aranges
                0x0000000000000580       0x30 g:/pi/gcc_linaro_7_1/bin/../aarch64-elf/libc/usr/lib\libc.a(lib_a-gdtoa-hexnan.o)
 .debug_aranges
                0x00000000000005b0       0x30 g:/pi/gcc_linaro_7_1/bin/../aarch64-elf/libc/usr/lib\libc.a(lib_a-getenv_r.o)
 .debug_aranges
                0x00000000000005e0       0x20 g:/pi/gcc_linaro_7_1/bin/../aarch64-elf/libc/usr/lib\libc.a(lib_a-impure.o)
 .debug_aranges
                0x0000000000000600       0x30 g:/pi/gcc_linaro_7_1/bin/../aarch64-elf/libc/usr/lib\libc.a(lib_a-localeconv.o)
 .debug_aranges
                0x0000000000000630       0x30 g:/pi/gcc_linaro_7_1/bin/../aarch64-elf/libc/usr/lib\libc.a(lib_a-mallocr.o)
 .debug_aranges
                0x0000000000000660       0x30 g:/pi/gcc_linaro_7_1/bin/../aarch64-elf/libc/usr/lib\libc.a(lib_a-memset.o)
 .debug_aranges
                0x0000000000000690       0x30 g:/pi/gcc_linaro_7_1/bin/../aarch64-elf/libc/usr/lib\libc.a(lib_a-mlock.o)
 .debug_aranges
                0x00000000000006c0       0x30 g:/pi/gcc_linaro_7_1/bin/../aarch64-elf/libc/usr/lib\libc.a(lib_a-mprec.o)
 .debug_aranges
                0x00000000000006f0       0x30 g:/pi/gcc_linaro_7_1/bin/../aarch64-elf/libc/usr/lib\libc.a(lib_a-sbrkr.o)
 .debug_aranges
                0x0000000000000720       0x30 g:/pi/gcc_linaro_7_1/bin/../aarch64-elf/libc/usr/lib\libc.a(lib_a-sf_nan.o)
 .debug_aranges
                0x0000000000000750       0x30 g:/pi/gcc_linaro_7_1/bin/../aarch64-elf/libc/usr/lib\libc.a(lib_a-strtodg.o)
 .debug_aranges
                0x0000000000000780       0x30 g:/pi/gcc_linaro_7_1/bin/../aarch64-elf/libc/usr/lib\libc.a(lib_a-callocr.o)
 .debug_aranges
                0x00000000000007b0       0x20 g:/pi/gcc_linaro_7_1/bin/../aarch64-elf/libc/usr/lib\libc.a(lib_a-environ.o)
 .debug_aranges
                0x00000000000007d0       0x30 g:/pi/gcc_linaro_7_1/bin/../aarch64-elf/libc/usr/lib\libc.a(lib_a-envlock.o)
 .debug_aranges
                0x0000000000000800       0x30 g:/pi/gcc_linaro_7_1/bin/../aarch64-elf/libc/usr/lib\libm.a(lib_a-sf_cos.o)
 .debug_aranges
                0x0000000000000830       0x30 g:/pi/gcc_linaro_7_1/bin/../aarch64-elf/libc/usr/lib\libm.a(lib_a-sf_sin.o)
 .debug_aranges
                0x0000000000000860       0x30 g:/pi/gcc_linaro_7_1/bin/../aarch64-elf/libc/usr/lib\libm.a(lib_a-ef_rem_pio2.o)
 .debug_aranges
                0x0000000000000890       0x30 g:/pi/gcc_linaro_7_1/bin/../aarch64-elf/libc/usr/lib\libm.a(lib_a-kf_cos.o)
 .debug_aranges
                0x00000000000008c0       0x30 g:/pi/gcc_linaro_7_1/bin/../aarch64-elf/libc/usr/lib\libm.a(lib_a-kf_rem_pio2.o)
 .debug_aranges
                0x00000000000008f0       0x30 g:/pi/gcc_linaro_7_1/bin/../aarch64-elf/libc/usr/lib\libm.a(lib_a-kf_sin.o)
 .debug_aranges
                0x0000000000000920       0x30 g:/pi/gcc_linaro_7_1/bin/../aarch64-elf/libc/usr/lib\libm.a(lib_a-sf_fabs.o)
 .debug_aranges
                0x0000000000000950       0x30 g:/pi/gcc_linaro_7_1/bin/../aarch64-elf/libc/usr/lib\libm.a(lib_a-sf_floor.o)
 .debug_aranges
                0x0000000000000980       0x30 g:/pi/gcc_linaro_7_1/bin/../aarch64-elf/libc/usr/lib\libm.a(lib_a-sf_scalbn.o)
 .debug_aranges
                0x00000000000009b0       0x30 g:/pi/gcc_linaro_7_1/bin/../aarch64-elf/libc/usr/lib\libm.a(lib_a-sf_copysign.o)

.debug_ranges   0x0000000000000000      0x970
 .debug_ranges  0x0000000000000000       0xa0 g:/pi/gcc_linaro_7_1/bin/../aarch64-elf/libc/usr/lib\libc.a(lib_a-locale.o)
 .debug_ranges  0x00000000000000a0       0x30 g:/pi/gcc_linaro_7_1/bin/../aarch64-elf/libc/usr/lib\libc.a(lib_a-mbstowcs_r.o)
 .debug_ranges  0x00000000000000d0       0x80 g:/pi/gcc_linaro_7_1/bin/../aarch64-elf/libc/usr/lib\libc.a(lib_a-mbtowc_r.o)
 .debug_ranges  0x0000000000000150       0xa0 g:/pi/gcc_linaro_7_1/bin/../aarch64-elf/libc/usr/lib\libc.a(lib_a-strcasecmp.o)
 .debug_ranges  0x00000000000001f0       0x90 g:/pi/gcc_linaro_7_1/bin/../aarch64-elf/libc/usr/lib\libc.a(lib_a-strncasecmp.o)
 .debug_ranges  0x0000000000000280      0x1b0 g:/pi/gcc_linaro_7_1/bin/../aarch64-elf/libc/usr/lib\libc.a(lib_a-strtod.o)
 .debug_ranges  0x0000000000000430       0x30 g:/pi/gcc_linaro_7_1/bin/../aarch64-elf/libc/usr/lib\libc.a(lib_a-strtol.o)
 .debug_ranges  0x0000000000000460       0x70 g:/pi/gcc_linaro_7_1/bin/../aarch64-elf/libc/usr/lib\libc.a(lib_a-strtold.o)
 .debug_ranges  0x00000000000004d0       0x30 g:/pi/gcc_linaro_7_1/bin/../aarch64-elf/libc/usr/lib\libc.a(lib_a-strtoll.o)
 .debug_ranges  0x0000000000000500       0x30 g:/pi/gcc_linaro_7_1/bin/../aarch64-elf/libc/usr/lib\libc.a(lib_a-strtoul.o)
 .debug_ranges  0x0000000000000530       0x30 g:/pi/gcc_linaro_7_1/bin/../aarch64-elf/libc/usr/lib\libc.a(lib_a-strtoull.o)
 .debug_ranges  0x0000000000000560       0x30 g:/pi/gcc_linaro_7_1/bin/../aarch64-elf/libc/usr/lib\libc.a(lib_a-wctob.o)
 .debug_ranges  0x0000000000000590       0x40 g:/pi/gcc_linaro_7_1/bin/../aarch64-elf/libc/usr/lib\libc.a(lib_a-gdtoa-gethex.o)
 .debug_ranges  0x00000000000005d0       0x40 g:/pi/gcc_linaro_7_1/bin/../aarch64-elf/libc/usr/lib\libc.a(lib_a-gdtoa-hexnan.o)
 .debug_ranges  0x0000000000000610       0x70 g:/pi/gcc_linaro_7_1/bin/../aarch64-elf/libc/usr/lib\libc.a(lib_a-mallocr.o)
 .debug_ranges  0x0000000000000680      0x110 g:/pi/gcc_linaro_7_1/bin/../aarch64-elf/libc/usr/lib\libc.a(lib_a-mprec.o)
 .debug_ranges  0x0000000000000790      0x110 g:/pi/gcc_linaro_7_1/bin/../aarch64-elf/libc/usr/lib\libc.a(lib_a-strtodg.o)
 .debug_ranges  0x00000000000008a0       0x30 g:/pi/gcc_linaro_7_1/bin/../aarch64-elf/libc/usr/lib\libc.a(lib_a-callocr.o)
 .debug_ranges  0x00000000000008d0       0x40 g:/pi/gcc_linaro_7_1/bin/../aarch64-elf/libc/usr/lib\libm.a(lib_a-ef_rem_pio2.o)
 .debug_ranges  0x0000000000000910       0x20 g:/pi/gcc_linaro_7_1/bin/../aarch64-elf/libc/usr/lib\libm.a(lib_a-sf_fabs.o)
 .debug_ranges  0x0000000000000930       0x20 g:/pi/gcc_linaro_7_1/bin/../aarch64-elf/libc/usr/lib\libm.a(lib_a-sf_floor.o)
 .debug_ranges  0x0000000000000950       0x20 g:/pi/gcc_linaro_7_1/bin/../aarch64-elf/libc/usr/lib\libm.a(lib_a-sf_copysign.o)

.debug_line     0x0000000000000000     0xd57f
 .debug_line    0x0000000000000000      0x672 g:/pi/gcc_linaro_7_1/bin/../aarch64-elf/libc/usr/lib\libc.a(lib_a-locale.o)
 .debug_line    0x0000000000000672      0x343 g:/pi/gcc_linaro_7_1/bin/../aarch64-elf/libc/usr/lib\libc.a(lib_a-mbstowcs.o)
 .debug_line    0x00000000000009b5      0x445 g:/pi/gcc_linaro_7_1/bin/../aarch64-elf/libc/usr/lib\libc.a(lib_a-mbstowcs_r.o)
 .debug_line    0x0000000000000dfa      0x5f8 g:/pi/gcc_linaro_7_1/bin/../aarch64-elf/libc/usr/lib\libc.a(lib_a-mbtowc_r.o)
 .debug_line    0x00000000000013f2      0x144 g:/pi/gcc_linaro_7_1/bin/../aarch64-elf/libc/usr/lib\libc.a(lib_a-memcpy.o)
 .debug_line    0x0000000000001536      0x365 g:/pi/gcc_linaro_7_1/bin/../aarch64-elf/libc/usr/lib\libc.a(lib_a-reent.o)
 .debug_line    0x000000000000189b      0x358 g:/pi/gcc_linaro_7_1/bin/../aarch64-elf/libc/usr/lib\libc.a(lib_a-strcasecmp.o)
 .debug_line    0x0000000000001bf3      0x33c g:/pi/gcc_linaro_7_1/bin/../aarch64-elf/libc/usr/lib\libc.a(lib_a-strcat.o)
 .debug_line    0x0000000000001f2f      0x121 g:/pi/gcc_linaro_7_1/bin/../aarch64-elf/libc/usr/lib\libc.a(lib_a-strchr.o)
 .debug_line    0x0000000000002050      0x115 g:/pi/gcc_linaro_7_1/bin/../aarch64-elf/libc/usr/lib\libc.a(lib_a-strcmp.o)
 .debug_line    0x0000000000002165      0x153 g:/pi/gcc_linaro_7_1/bin/../aarch64-elf/libc/usr/lib\libc.a(lib_a-strcpy.o)
 .debug_line    0x00000000000022b8      0x346 g:/pi/gcc_linaro_7_1/bin/../aarch64-elf/libc/usr/lib\libc.a(lib_a-strlcpy.o)
 .debug_line    0x00000000000025fe      0x13e g:/pi/gcc_linaro_7_1/bin/../aarch64-elf/libc/usr/lib\libc.a(lib_a-strlen.o)
 .debug_line    0x000000000000273c      0x366 g:/pi/gcc_linaro_7_1/bin/../aarch64-elf/libc/usr/lib\libc.a(lib_a-strncasecmp.o)
 .debug_line    0x0000000000002aa2      0x12f g:/pi/gcc_linaro_7_1/bin/../aarch64-elf/libc/usr/lib\libc.a(lib_a-strncmp.o)
 .debug_line    0x0000000000002bd1      0x351 g:/pi/gcc_linaro_7_1/bin/../aarch64-elf/libc/usr/lib\libc.a(lib_a-strncpy.o)
 .debug_line    0x0000000000002f22      0x94f g:/pi/gcc_linaro_7_1/bin/../aarch64-elf/libc/usr/lib\libc.a(lib_a-strtod.o)
 .debug_line    0x0000000000003871      0x495 g:/pi/gcc_linaro_7_1/bin/../aarch64-elf/libc/usr/lib\libc.a(lib_a-strtol.o)
 .debug_line    0x0000000000003d06      0x488 g:/pi/gcc_linaro_7_1/bin/../aarch64-elf/libc/usr/lib\libc.a(lib_a-strtold.o)
 .debug_line    0x000000000000418e      0x496 g:/pi/gcc_linaro_7_1/bin/../aarch64-elf/libc/usr/lib\libc.a(lib_a-strtoll.o)
 .debug_line    0x0000000000004624      0x537 g:/pi/gcc_linaro_7_1/bin/../aarch64-elf/libc/usr/lib\libc.a(lib_a-strtorx.o)
 .debug_line    0x0000000000004b5b      0x48c g:/pi/gcc_linaro_7_1/bin/../aarch64-elf/libc/usr/lib\libc.a(lib_a-strtoul.o)
 .debug_line    0x0000000000004fe7      0x48d g:/pi/gcc_linaro_7_1/bin/../aarch64-elf/libc/usr/lib\libc.a(lib_a-strtoull.o)
 .debug_line    0x0000000000005474      0x332 g:/pi/gcc_linaro_7_1/bin/../aarch64-elf/libc/usr/lib\libc.a(lib_a-wcscpy.o)
 .debug_line    0x00000000000057a6      0x44a g:/pi/gcc_linaro_7_1/bin/../aarch64-elf/libc/usr/lib\libc.a(lib_a-wctob.o)
 .debug_line    0x0000000000005bf0      0x4f4 g:/pi/gcc_linaro_7_1/bin/../aarch64-elf/libc/usr/lib\libc.a(lib_a-wctomb_r.o)
 .debug_line    0x00000000000060e4      0x40e g:/pi/gcc_linaro_7_1/bin/../aarch64-elf/libc/usr/lib\libc.a(lib_a-ctype_.o)
 .debug_line    0x00000000000064f2      0x45f g:/pi/gcc_linaro_7_1/bin/../aarch64-elf/libc/usr/lib\libc.a(lib_a-freer.o)
 .debug_line    0x0000000000006951      0x695 g:/pi/gcc_linaro_7_1/bin/../aarch64-elf/libc/usr/lib\libc.a(lib_a-gdtoa-gethex.o)
 .debug_line    0x0000000000006fe6      0x4c3 g:/pi/gcc_linaro_7_1/bin/../aarch64-elf/libc/usr/lib\libc.a(lib_a-gdtoa-hexnan.o)
 .debug_line    0x00000000000074a9      0x378 g:/pi/gcc_linaro_7_1/bin/../aarch64-elf/libc/usr/lib\libc.a(lib_a-getenv_r.o)
 .debug_line    0x0000000000007821      0x265 g:/pi/gcc_linaro_7_1/bin/../aarch64-elf/libc/usr/lib\libc.a(lib_a-impure.o)
 .debug_line    0x0000000000007a86      0x370 g:/pi/gcc_linaro_7_1/bin/../aarch64-elf/libc/usr/lib\libc.a(lib_a-localeconv.o)
 .debug_line    0x0000000000007df6      0x558 g:/pi/gcc_linaro_7_1/bin/../aarch64-elf/libc/usr/lib\libc.a(lib_a-mallocr.o)
 .debug_line    0x000000000000834e      0x15e g:/pi/gcc_linaro_7_1/bin/../aarch64-elf/libc/usr/lib\libc.a(lib_a-memset.o)
 .debug_line    0x00000000000084ac      0x279 g:/pi/gcc_linaro_7_1/bin/../aarch64-elf/libc/usr/lib\libc.a(lib_a-mlock.o)
 .debug_line    0x0000000000008725      0x8ee g:/pi/gcc_linaro_7_1/bin/../aarch64-elf/libc/usr/lib\libc.a(lib_a-mprec.o)
 .debug_line    0x0000000000009013      0x341 g:/pi/gcc_linaro_7_1/bin/../aarch64-elf/libc/usr/lib\libc.a(lib_a-sbrkr.o)
 .debug_line    0x0000000000009354      0x32a g:/pi/gcc_linaro_7_1/bin/../aarch64-elf/libc/usr/lib\libc.a(lib_a-sf_nan.o)
 .debug_line    0x000000000000967e      0xb8e g:/pi/gcc_linaro_7_1/bin/../aarch64-elf/libc/usr/lib\libc.a(lib_a-strtodg.o)
 .debug_line    0x000000000000a20c      0x2c8 g:/pi/gcc_linaro_7_1/bin/../aarch64-elf/libc/usr/lib\libc.a(lib_a-callocr.o)
 .debug_line    0x000000000000a4d4       0xcf g:/pi/gcc_linaro_7_1/bin/../aarch64-elf/libc/usr/lib\libc.a(lib_a-environ.o)
 .debug_line    0x000000000000a5a3      0x32e g:/pi/gcc_linaro_7_1/bin/../aarch64-elf/libc/usr/lib\libc.a(lib_a-envlock.o)
 .debug_line    0x000000000000a8d1      0x4d0 g:/pi/gcc_linaro_7_1/bin/../aarch64-elf/libc/usr/lib\libm.a(lib_a-sf_cos.o)
 .debug_line    0x000000000000ada1      0x4d0 g:/pi/gcc_linaro_7_1/bin/../aarch64-elf/libc/usr/lib\libm.a(lib_a-sf_sin.o)
 .debug_line    0x000000000000b271      0x53b g:/pi/gcc_linaro_7_1/bin/../aarch64-elf/libc/usr/lib\libm.a(lib_a-ef_rem_pio2.o)
 .debug_line    0x000000000000b7ac      0x4c3 g:/pi/gcc_linaro_7_1/bin/../aarch64-elf/libc/usr/lib\libm.a(lib_a-kf_cos.o)
 .debug_line    0x000000000000bc6f      0x5bf g:/pi/gcc_linaro_7_1/bin/../aarch64-elf/libc/usr/lib\libm.a(lib_a-kf_rem_pio2.o)
 .debug_line    0x000000000000c22e      0x4b9 g:/pi/gcc_linaro_7_1/bin/../aarch64-elf/libc/usr/lib\libm.a(lib_a-kf_sin.o)
 .debug_line    0x000000000000c6e7      0x335 g:/pi/gcc_linaro_7_1/bin/../aarch64-elf/libc/usr/lib\libm.a(lib_a-sf_fabs.o)
 .debug_line    0x000000000000ca1c      0x336 g:/pi/gcc_linaro_7_1/bin/../aarch64-elf/libc/usr/lib\libm.a(lib_a-sf_floor.o)
 .debug_line    0x000000000000cd52      0x42e g:/pi/gcc_linaro_7_1/bin/../aarch64-elf/libc/usr/lib\libm.a(lib_a-sf_scalbn.o)
 .debug_line    0x000000000000d180      0x3ff g:/pi/gcc_linaro_7_1/bin/../aarch64-elf/libc/usr/lib\libm.a(lib_a-sf_copysign.o)

.debug_str      0x0000000000000000     0x39ba
 .debug_str     0x0000000000000000      0xa3a g:/pi/gcc_linaro_7_1/bin/../aarch64-elf/libc/usr/lib\libc.a(lib_a-locale.o)
                                        0xb94 (size before relaxing)
 .debug_str     0x0000000000000a3a      0x19c g:/pi/gcc_linaro_7_1/bin/../aarch64-elf/libc/usr/lib\libc.a(lib_a-mbstowcs.o)
                                        0x68e (size before relaxing)
 .debug_str     0x0000000000000bd6       0xb8 g:/pi/gcc_linaro_7_1/bin/../aarch64-elf/libc/usr/lib\libc.a(lib_a-mbstowcs_r.o)
                                        0x9ed (size before relaxing)
 .debug_str     0x0000000000000c8e      0x25a g:/pi/gcc_linaro_7_1/bin/../aarch64-elf/libc/usr/lib\libc.a(lib_a-mbtowc_r.o)
                                        0xb2c (size before relaxing)
 .debug_str     0x0000000000000ee8      0x1b1 g:/pi/gcc_linaro_7_1/bin/../aarch64-elf/libc/usr/lib\libc.a(lib_a-reent.o)
                                        0x68f (size before relaxing)
 .debug_str     0x0000000000001099      0x184 g:/pi/gcc_linaro_7_1/bin/../aarch64-elf/libc/usr/lib\libc.a(lib_a-strcasecmp.o)
                                        0x673 (size before relaxing)
 .debug_str     0x000000000000121d       0xb9 g:/pi/gcc_linaro_7_1/bin/../aarch64-elf/libc/usr/lib\libc.a(lib_a-strcat.o)
                                        0x662 (size before relaxing)
 .debug_str     0x00000000000012d6       0xaf g:/pi/gcc_linaro_7_1/bin/../aarch64-elf/libc/usr/lib\libc.a(lib_a-strlcpy.o)
                                        0x659 (size before relaxing)
 .debug_str     0x0000000000001385       0xb3 g:/pi/gcc_linaro_7_1/bin/../aarch64-elf/libc/usr/lib\libc.a(lib_a-strncasecmp.o)
                                        0x67c (size before relaxing)
 .debug_str     0x0000000000001438       0xd1 g:/pi/gcc_linaro_7_1/bin/../aarch64-elf/libc/usr/lib\libc.a(lib_a-strncpy.o)
                                        0x681 (size before relaxing)
 .debug_str     0x0000000000001509      0x3ad g:/pi/gcc_linaro_7_1/bin/../aarch64-elf/libc/usr/lib\libc.a(lib_a-strtod.o)
                                        0xcf4 (size before relaxing)
 .debug_str     0x00000000000018b6       0xdc g:/pi/gcc_linaro_7_1/bin/../aarch64-elf/libc/usr/lib\libc.a(lib_a-strtol.o)
                                        0xa23 (size before relaxing)
 .debug_str     0x0000000000001992       0xd7 g:/pi/gcc_linaro_7_1/bin/../aarch64-elf/libc/usr/lib\libc.a(lib_a-strtold.o)
                                        0xaa7 (size before relaxing)
 .debug_str     0x0000000000001a69       0xcd g:/pi/gcc_linaro_7_1/bin/../aarch64-elf/libc/usr/lib\libc.a(lib_a-strtoll.o)
                                        0xa28 (size before relaxing)
 .debug_str     0x0000000000001b36      0x119 g:/pi/gcc_linaro_7_1/bin/../aarch64-elf/libc/usr/lib\libc.a(lib_a-strtorx.o)
                                        0xba2 (size before relaxing)
 .debug_str     0x0000000000001c4f       0xcd g:/pi/gcc_linaro_7_1/bin/../aarch64-elf/libc/usr/lib\libc.a(lib_a-strtoul.o)
                                        0xa28 (size before relaxing)
 .debug_str     0x0000000000001d1c       0xd1 g:/pi/gcc_linaro_7_1/bin/../aarch64-elf/libc/usr/lib\libc.a(lib_a-strtoull.o)
                                        0xa2d (size before relaxing)
 .debug_str     0x0000000000001ded       0xb5 g:/pi/gcc_linaro_7_1/bin/../aarch64-elf/libc/usr/lib\libc.a(lib_a-wcscpy.o)
                                        0x658 (size before relaxing)
 .debug_str     0x0000000000001ea2       0xba g:/pi/gcc_linaro_7_1/bin/../aarch64-elf/libc/usr/lib\libc.a(lib_a-wctob.o)
                                        0x9ca (size before relaxing)
 .debug_str     0x0000000000001f5c      0x114 g:/pi/gcc_linaro_7_1/bin/../aarch64-elf/libc/usr/lib\libc.a(lib_a-wctomb_r.o)
                                        0xa41 (size before relaxing)
 .debug_str     0x0000000000002070      0x17e g:/pi/gcc_linaro_7_1/bin/../aarch64-elf/libc/usr/lib\libc.a(lib_a-ctype_.o)
                                        0x97f (size before relaxing)
 .debug_str     0x00000000000021ee      0x239 g:/pi/gcc_linaro_7_1/bin/../aarch64-elf/libc/usr/lib\libc.a(lib_a-freer.o)
                                        0x834 (size before relaxing)
 .debug_str     0x0000000000002427      0x11c g:/pi/gcc_linaro_7_1/bin/../aarch64-elf/libc/usr/lib\libc.a(lib_a-gdtoa-gethex.o)
                                        0xc2b (size before relaxing)
 .debug_str     0x0000000000002543       0xbc g:/pi/gcc_linaro_7_1/bin/../aarch64-elf/libc/usr/lib\libc.a(lib_a-gdtoa-hexnan.o)
                                        0xb36 (size before relaxing)
 .debug_str     0x00000000000025ff       0xe2 g:/pi/gcc_linaro_7_1/bin/../aarch64-elf/libc/usr/lib\libc.a(lib_a-getenv_r.o)
                                        0x6b2 (size before relaxing)
 .debug_str     0x00000000000026e1       0xb9 g:/pi/gcc_linaro_7_1/bin/../aarch64-elf/libc/usr/lib\libc.a(lib_a-impure.o)
                                        0x653 (size before relaxing)
 .debug_str     0x000000000000279a       0xda g:/pi/gcc_linaro_7_1/bin/../aarch64-elf/libc/usr/lib\libc.a(lib_a-localeconv.o)
                                        0x9f0 (size before relaxing)
 .debug_str     0x0000000000002874       0xba g:/pi/gcc_linaro_7_1/bin/../aarch64-elf/libc/usr/lib\libc.a(lib_a-mallocr.o)
                                        0x8bb (size before relaxing)
 .debug_str     0x000000000000292e       0xc2 g:/pi/gcc_linaro_7_1/bin/../aarch64-elf/libc/usr/lib\libc.a(lib_a-mlock.o)
                                        0x67b (size before relaxing)
 .debug_str     0x00000000000029f0      0x103 g:/pi/gcc_linaro_7_1/bin/../aarch64-elf/libc/usr/lib\libc.a(lib_a-mprec.o)
                                        0xb02 (size before relaxing)
 .debug_str     0x0000000000002af3       0xc1 g:/pi/gcc_linaro_7_1/bin/../aarch64-elf/libc/usr/lib\libc.a(lib_a-sbrkr.o)
                                        0x696 (size before relaxing)
 .debug_str     0x0000000000002bb4      0x180 g:/pi/gcc_linaro_7_1/bin/../aarch64-elf/libc/usr/lib\libc.a(lib_a-sf_nan.o)
                                        0x6bd (size before relaxing)
 .debug_str     0x0000000000002d34      0x14f g:/pi/gcc_linaro_7_1/bin/../aarch64-elf/libc/usr/lib\libc.a(lib_a-strtodg.o)
                                        0xd5b (size before relaxing)
 .debug_str     0x0000000000002e83        0xf g:/pi/gcc_linaro_7_1/bin/../aarch64-elf/libc/usr/lib\libc.a(lib_a-callocr.o)
                                        0x7df (size before relaxing)
 .debug_str     0x0000000000002e92       0xbb g:/pi/gcc_linaro_7_1/bin/../aarch64-elf/libc/usr/lib\libc.a(lib_a-environ.o)
                                        0x201 (size before relaxing)
 .debug_str     0x0000000000002f4d       0xc1 g:/pi/gcc_linaro_7_1/bin/../aarch64-elf/libc/usr/lib\libc.a(lib_a-envlock.o)
                                        0x674 (size before relaxing)
 .debug_str     0x000000000000300e      0x1cc g:/pi/gcc_linaro_7_1/bin/../aarch64-elf/libc/usr/lib\libm.a(lib_a-sf_cos.o)
                                        0x71d (size before relaxing)
 .debug_str     0x00000000000031da       0xac g:/pi/gcc_linaro_7_1/bin/../aarch64-elf/libc/usr/lib\libm.a(lib_a-sf_sin.o)
                                        0x71d (size before relaxing)
 .debug_str     0x0000000000003286      0x128 g:/pi/gcc_linaro_7_1/bin/../aarch64-elf/libc/usr/lib\libm.a(lib_a-ef_rem_pio2.o)
                                        0x77d (size before relaxing)
 .debug_str     0x00000000000033ae       0xac g:/pi/gcc_linaro_7_1/bin/../aarch64-elf/libc/usr/lib\libm.a(lib_a-kf_cos.o)
                                        0x6fb (size before relaxing)
 .debug_str     0x000000000000345a       0xe8 g:/pi/gcc_linaro_7_1/bin/../aarch64-elf/libc/usr/lib\libm.a(lib_a-kf_rem_pio2.o)
                                        0x716 (size before relaxing)
 .debug_str     0x0000000000003542       0xac g:/pi/gcc_linaro_7_1/bin/../aarch64-elf/libc/usr/lib\libm.a(lib_a-kf_sin.o)
                                        0x6fb (size before relaxing)
 .debug_str     0x00000000000035ee      0x193 g:/pi/gcc_linaro_7_1/bin/../aarch64-elf/libc/usr/lib\libm.a(lib_a-sf_fabs.o)
                                        0x6d1 (size before relaxing)
 .debug_str     0x0000000000003781       0xb9 g:/pi/gcc_linaro_7_1/bin/../aarch64-elf/libc/usr/lib\libm.a(lib_a-sf_floor.o)
                                        0x6d3 (size before relaxing)
 .debug_str     0x000000000000383a       0xcd g:/pi/gcc_linaro_7_1/bin/../aarch64-elf/libc/usr/lib\libm.a(lib_a-sf_scalbn.o)
                                        0x71d (size before relaxing)
 .debug_str     0x0000000000003907       0xb3 g:/pi/gcc_linaro_7_1/bin/../aarch64-elf/libc/usr/lib\libm.a(lib_a-sf_copysign.o)
                                        0x6f6 (size before relaxing)
